Archive member included because of file (symbol)

/home/minh/dpdk16.07.2/i686-native-linuxapp-gcc/lib/librte_acl.a(tb_mem.o)
                              (--whole-archive)
/home/minh/dpdk16.07.2/i686-native-linuxapp-gcc/lib/librte_acl.a(rte_acl.o)
                              (--whole-archive)
/home/minh/dpdk16.07.2/i686-native-linuxapp-gcc/lib/librte_acl.a(acl_bld.o)
                              (--whole-archive)
/home/minh/dpdk16.07.2/i686-native-linuxapp-gcc/lib/librte_acl.a(acl_gen.o)
                              (--whole-archive)
/home/minh/dpdk16.07.2/i686-native-linuxapp-gcc/lib/librte_acl.a(acl_run_scalar.o)
                              (--whole-archive)
/home/minh/dpdk16.07.2/i686-native-linuxapp-gcc/lib/librte_acl.a(acl_run_sse.o)
                              (--whole-archive)
/home/minh/dpdk16.07.2/i686-native-linuxapp-gcc/lib/librte_timer.a(rte_timer.o)
                              (--whole-archive)
/home/minh/dpdk16.07.2/i686-native-linuxapp-gcc/lib/librte_hash.a(rte_cuckoo_hash.o)
                              (--whole-archive)
/home/minh/dpdk16.07.2/i686-native-linuxapp-gcc/lib/librte_hash.a(rte_fbk_hash.o)
                              (--whole-archive)
/home/minh/dpdk16.07.2/i686-native-linuxapp-gcc/lib/librte_kvargs.a(rte_kvargs.o)
                              (--whole-archive)
/home/minh/dpdk16.07.2/i686-native-linuxapp-gcc/lib/librte_mbuf.a(rte_mbuf.o)
                              (--whole-archive)
/home/minh/dpdk16.07.2/i686-native-linuxapp-gcc/lib/libethdev.a(rte_ethdev.o)
                              (--whole-archive)
/home/minh/dpdk16.07.2/i686-native-linuxapp-gcc/lib/librte_mempool.a(rte_mempool.o)
                              (--whole-archive)
/home/minh/dpdk16.07.2/i686-native-linuxapp-gcc/lib/librte_mempool.a(rte_mempool_ops.o)
                              (--whole-archive)
/home/minh/dpdk16.07.2/i686-native-linuxapp-gcc/lib/librte_mempool.a(rte_mempool_ring.o)
                              (--whole-archive)
/home/minh/dpdk16.07.2/i686-native-linuxapp-gcc/lib/librte_mempool.a(rte_mempool_stack.o)
                              (--whole-archive)
/home/minh/dpdk16.07.2/i686-native-linuxapp-gcc/lib/librte_ring.a(rte_ring.o)
                              (--whole-archive)
/home/minh/dpdk16.07.2/i686-native-linuxapp-gcc/lib/librte_eal.a(eal.o)
                              (--whole-archive)
/home/minh/dpdk16.07.2/i686-native-linuxapp-gcc/lib/librte_eal.a(eal_hugepage_info.o)
                              (--whole-archive)
/home/minh/dpdk16.07.2/i686-native-linuxapp-gcc/lib/librte_eal.a(eal_memory.o)
                              (--whole-archive)
/home/minh/dpdk16.07.2/i686-native-linuxapp-gcc/lib/librte_eal.a(eal_thread.o)
                              (--whole-archive)
/home/minh/dpdk16.07.2/i686-native-linuxapp-gcc/lib/librte_eal.a(eal_log.o)
                              (--whole-archive)
/home/minh/dpdk16.07.2/i686-native-linuxapp-gcc/lib/librte_eal.a(eal_vfio.o)
                              (--whole-archive)
/home/minh/dpdk16.07.2/i686-native-linuxapp-gcc/lib/librte_eal.a(eal_vfio_mp_sync.o)
                              (--whole-archive)
/home/minh/dpdk16.07.2/i686-native-linuxapp-gcc/lib/librte_eal.a(eal_pci.o)
                              (--whole-archive)
/home/minh/dpdk16.07.2/i686-native-linuxapp-gcc/lib/librte_eal.a(eal_pci_uio.o)
                              (--whole-archive)
/home/minh/dpdk16.07.2/i686-native-linuxapp-gcc/lib/librte_eal.a(eal_pci_vfio.o)
                              (--whole-archive)
/home/minh/dpdk16.07.2/i686-native-linuxapp-gcc/lib/librte_eal.a(eal_debug.o)
                              (--whole-archive)
/home/minh/dpdk16.07.2/i686-native-linuxapp-gcc/lib/librte_eal.a(eal_lcore.o)
                              (--whole-archive)
/home/minh/dpdk16.07.2/i686-native-linuxapp-gcc/lib/librte_eal.a(eal_timer.o)
                              (--whole-archive)
/home/minh/dpdk16.07.2/i686-native-linuxapp-gcc/lib/librte_eal.a(eal_interrupts.o)
                              (--whole-archive)
/home/minh/dpdk16.07.2/i686-native-linuxapp-gcc/lib/librte_eal.a(eal_alarm.o)
                              (--whole-archive)
/home/minh/dpdk16.07.2/i686-native-linuxapp-gcc/lib/librte_eal.a(eal_common_lcore.o)
                              (--whole-archive)
/home/minh/dpdk16.07.2/i686-native-linuxapp-gcc/lib/librte_eal.a(eal_common_timer.o)
                              (--whole-archive)
/home/minh/dpdk16.07.2/i686-native-linuxapp-gcc/lib/librte_eal.a(eal_common_memzone.o)
                              (--whole-archive)
/home/minh/dpdk16.07.2/i686-native-linuxapp-gcc/lib/librte_eal.a(eal_common_log.o)
                              (--whole-archive)
/home/minh/dpdk16.07.2/i686-native-linuxapp-gcc/lib/librte_eal.a(eal_common_launch.o)
                              (--whole-archive)
/home/minh/dpdk16.07.2/i686-native-linuxapp-gcc/lib/librte_eal.a(eal_common_pci.o)
                              (--whole-archive)
[...]
Memory Configuration

Name             Origin             Length             Attributes
*default*        0x0000000000000000 0xffffffffffffffff

Linker script and memory map

LOAD /usr/lib/gcc/i686-linux-gnu/4.6/../../../i386-linux-gnu/crt1.o
LOAD /usr/lib/gcc/i686-linux-gnu/4.6/../../../i386-linux-gnu/crti.o
LOAD /usr/lib/gcc/i686-linux-gnu/4.6/crtbegin.o
LOAD basicfwd.o
LOAD hypervisor.o
LOAD /home/minh/dpdk16.07.2/i686-native-linuxapp-gcc/lib/librte_pipeline.a
LOAD /home/minh/dpdk16.07.2/i686-native-linuxapp-gcc/lib/librte_table.a
LOAD /home/minh/dpdk16.07.2/i686-native-linuxapp-gcc/lib/librte_port.a
LOAD /home/minh/dpdk16.07.2/i686-native-linuxapp-gcc/lib/librte_distributor.a
LOAD /home/minh/dpdk16.07.2/i686-native-linuxapp-gcc/lib/librte_reorder.a
LOAD /home/minh/dpdk16.07.2/i686-native-linuxapp-gcc/lib/librte_ip_frag.a
LOAD /home/minh/dpdk16.07.2/i686-native-linuxapp-gcc/lib/librte_meter.a
LOAD /home/minh/dpdk16.07.2/i686-native-linuxapp-gcc/lib/librte_sched.a
LOAD /home/minh/dpdk16.07.2/i686-native-linuxapp-gcc/lib/librte_lpm.a
LOAD /home/minh/dpdk16.07.2/i686-native-linuxapp-gcc/lib/librte_acl.a
LOAD /home/minh/dpdk16.07.2/i686-native-linuxapp-gcc/lib/librte_jobstats.a
LOAD /home/minh/dpdk16.07.2/i686-native-linuxapp-gcc/lib/librte_timer.a
LOAD /home/minh/dpdk16.07.2/i686-native-linuxapp-gcc/lib/librte_hash.a
LOAD /home/minh/dpdk16.07.2/i686-native-linuxapp-gcc/lib/librte_kvargs.a
LOAD /home/minh/dpdk16.07.2/i686-native-linuxapp-gcc/lib/librte_mbuf.a
LOAD /home/minh/dpdk16.07.2/i686-native-linuxapp-gcc/lib/libethdev.a
LOAD /home/minh/dpdk16.07.2/i686-native-linuxapp-gcc/lib/librte_mempool.a
LOAD /home/minh/dpdk16.07.2/i686-native-linuxapp-gcc/lib/librte_ring.a
LOAD /home/minh/dpdk16.07.2/i686-native-linuxapp-gcc/lib/librte_eal.a
LOAD /home/minh/dpdk16.07.2/i686-native-linuxapp-gcc/lib/librte_cmdline.a
LOAD /home/minh/dpdk16.07.2/i686-native-linuxapp-gcc/lib/librte_cfgfile.a
LOAD /home/minh/dpdk16.07.2/i686-native-linuxapp-gcc/lib/librte_pmd_af_packet.a
LOAD /home/minh/dpdk16.07.2/i686-native-linuxapp-gcc/lib/librte_pmd_ixgbe.a
LOAD /home/minh/dpdk16.07.2/i686-native-linuxapp-gcc/lib/librte_pmd_null.a
LOAD /home/minh/dpdk16.07.2/i686-native-linuxapp-gcc/lib/librte_pmd_ring.a
LOAD /usr/lib/gcc/i686-linux-gnu/4.6/../../../i386-linux-gnu/librt.so
LOAD /usr/lib/gcc/i686-linux-gnu/4.6/../../../i386-linux-gnu/libm.so
LOAD /usr/lib/gcc/i686-linux-gnu/4.6/../../../i386-linux-gnu/libdl.so
LOAD /usr/lib/gcc/i686-linux-gnu/4.6/libgcc.a
LOAD /usr/lib/gcc/i686-linux-gnu/4.6/libgcc_s.so
LOAD /usr/lib/gcc/i686-linux-gnu/4.6/../../../i386-linux-gnu/libpthread.so
START GROUP
LOAD /lib/i386-linux-gnu/libpthread.so.0
LOAD /usr/lib/i386-linux-gnu/libpthread_nonshared.a
END GROUP
LOAD /usr/lib/gcc/i686-linux-gnu/4.6/../../../i386-linux-gnu/libc.so
START GROUP
LOAD /lib/i386-linux-gnu/libc.so.6
LOAD /usr/lib/i386-linux-gnu/libc_nonshared.a
LOAD /lib/i386-linux-gnu/ld-linux.so.2
END GROUP
LOAD /usr/lib/gcc/i686-linux-gnu/4.6/libgcc.a
LOAD /usr/lib/gcc/i686-linux-gnu/4.6/libgcc_s.so
LOAD /usr/lib/gcc/i686-linux-gnu/4.6/crtend.o
LOAD /usr/lib/gcc/i686-linux-gnu/4.6/../../../i386-linux-gnu/crtn.o
                0x0000000008048000                PROVIDE (__executable_start, 0x8048000)
                0x0000000008048174                . = (0x8048000 + SIZEOF_HEADERS)

.interp         0x0000000008048174       0x13
 *(.interp)
 .interp        0x0000000008048174       0x13 /usr/lib/gcc/i686-linux-gnu/4.6/../../../i386-linux-gnu/crt1.o

.note.ABI-tag   0x0000000008048188       0x20
 .note.ABI-tag  0x0000000008048188       0x20 /usr/lib/gcc/i686-linux-gnu/4.6/../../../i386-linux-gnu/crt1.o

.note.gnu.build-id
                0x00000000080481a8       0x24
 *(.note.gnu.build-id)
 .note.gnu.build-id
                0x00000000080481a8       0x24 /usr/lib/gcc/i686-linux-gnu/4.6/../../../i386-linux-gnu/crt1.o

.hash
 *(.hash)

.gnu.hash       0x00000000080481cc     0x1c10
 *(.gnu.hash)
 .gnu.hash      0x00000000080481cc     0x1c10 /usr/lib/gcc/i686-linux-gnu/4.6/../../../i386-linux-gnu/crt1.o

.dynsym         0x0000000008049ddc     0x4810
 *(.dynsym)
 .dynsym        0x0000000008049ddc     0x4810 /usr/lib/gcc/i686-linux-gnu/4.6/../../../i386-linux-gnu/crt1.o

.dynstr         0x000000000804e5ec     0x6192
 *(.dynstr)
 .dynstr        0x000000000804e5ec     0x6192 /usr/lib/gcc/i686-linux-gnu/4.6/../../../i386-linux-gnu/crt1.o

.gnu.version    0x000000000805477e      0x902
 *(.gnu.version)
 .gnu.version   0x000000000805477e      0x902 /usr/lib/gcc/i686-linux-gnu/4.6/../../../i386-linux-gnu/crt1.o

.gnu.version_d  0x0000000008055080        0x0
 *(.gnu.version_d)
 .gnu.version_d
                0x0000000000000000        0x0 /usr/lib/gcc/i686-linux-gnu/4.6/../../../i386-linux-gnu/crt1.o

.gnu.version_r  0x0000000008055080      0x170
 *(.gnu.version_r)
 .gnu.version_r
                0x0000000008055080      0x170 /usr/lib/gcc/i686-linux-gnu/4.6/../../../i386-linux-gnu/crt1.o

.rel.dyn        0x00000000080551f0       0x58
 *(.rel.init)
 *(.rel.text .rel.text.* .rel.gnu.linkonce.t.*)
 .rel.text      0x0000000000000000        0x0 /usr/lib/gcc/i686-linux-gnu/4.6/../../../i386-linux-gnu/crt1.o
 .rel.text.startup
                0x0000000000000000        0x0 /usr/lib/gcc/i686-linux-gnu/4.6/../../../i386-linux-gnu/crt1.o
 .rel.text.unlikely
                0x0000000000000000        0x0 /usr/lib/gcc/i686-linux-gnu/4.6/../../../i386-linux-gnu/crt1.o
 *(.rel.fini)
 *(.rel.rodata .rel.rodata.* .rel.gnu.linkonce.r.*)
 .rel.rodata    0x0000000000000000        0x0 /usr/lib/gcc/i686-linux-gnu/4.6/../../../i386-linux-gnu/crt1.o
 *(.rel.data.rel.ro* .rel.gnu.linkonce.d.rel.ro.*)
 *(.rel.data .rel.data.* .rel.gnu.linkonce.d.*)
 *(.rel.tdata .rel.tdata.* .rel.gnu.linkonce.td.*)
 *(.rel.tbss .rel.tbss.* .rel.gnu.linkonce.tb.*)
 *(.rel.ctors)
 *(.rel.dtors)
 *(.rel.got)
 .rel.got       0x00000000080551f0       0x28 /usr/lib/gcc/i686-linux-gnu/4.6/../../../i386-linux-gnu/crt1.o
 *(.rel.bss .rel.bss.* .rel.gnu.linkonce.b.*)
 .rel.bss       0x0000000008055218       0x30 /usr/lib/gcc/i686-linux-gnu/4.6/../../../i386-linux-gnu/crt1.o
 *(.rel.ifunc)

.rel.plt        0x0000000008055248      0x448
 *(.rel.plt)
 .rel.plt       0x0000000008055248      0x448 /usr/lib/gcc/i686-linux-gnu/4.6/../../../i386-linux-gnu/crt1.o
                0x0000000008055690                PROVIDE (__rel_iplt_start, .)
 *(.rel.iplt)
 .rel.iplt      0x0000000000000000        0x0 /usr/lib/gcc/i686-linux-gnu/4.6/../../../i386-linux-gnu/crt1.o
                0x0000000008055690                PROVIDE (__rel_iplt_end, .)

.init           0x0000000008055690       0x2e
 *(.init)
 .init          0x0000000008055690       0x1f /usr/lib/gcc/i686-linux-gnu/4.6/../../../i386-linux-gnu/crti.o
                0x0000000008055690                _init
 .init          0x00000000080556af        0x5 /usr/lib/gcc/i686-linux-gnu/4.6/crtbegin.o
 .init          0x00000000080556b4        0x5 /usr/lib/gcc/i686-linux-gnu/4.6/crtend.o
 .init          0x00000000080556b9        0x5 /usr/lib/gcc/i686-linux-gnu/4.6/../../../i386-linux-gnu/crtn.o

.plt            0x00000000080556c0      0x8a0
 *(.plt)
 .plt           0x00000000080556c0      0x8a0 /usr/lib/gcc/i686-linux-gnu/4.6/../../../i386-linux-gnu/crt1.o
                0x00000000080556d0                setsockopt@@GLIBC_2.0
                0x00000000080556e0                setbuf@@GLIBC_2.0
                0x00000000080556f0                __snprintf_chk@@GLIBC_2.3.4
                0x0000000008055700                strstr@@GLIBC_2.0
                0x0000000008055710                lrand48@@GLIBC_2.0
                0x0000000008055720                strcmp@@GLIBC_2.0
                0x0000000008055730                __vfprintf_chk@@GLIBC_2.3.4
                0x0000000008055740                read@@GLIBC_2.0
                0x0000000008055750                printf@@GLIBC_2.0
                0x0000000008055760                fflush@@GLIBC_2.0
                0x0000000008055770                __read_chk@@GLIBC_2.4
                0x0000000008055780                unlinkat@@GLIBC_2.4
                0x0000000008055790                dirfd@@GLIBC_2.0
                0x00000000080557a0                memmove@@GLIBC_2.0
                0x00000000080557b0                free@@GLIBC_2.0
                0x00000000080557c0                __xpg_strerror_r@@GLIBC_2.3.4
                0x00000000080557d0                memcpy@@GLIBC_2.0
                0x00000000080557e0                pthread_self@@GLIBC_2.0
                0x00000000080557f0                fgets@@GLIBC_2.0
                0x0000000008055800                fclose@@GLIBC_2.1
                0x0000000008055810                memcmp@@GLIBC_2.0
                0x0000000008055820                sleep@@GLIBC_2.0
                0x0000000008055830                pread@@GLIBC_2.2
                0x0000000008055840                openat@@GLIBC_2.4
                0x0000000008055850                __stack_chk_fail@@GLIBC_2.4
                0x0000000008055860                sysconf@@GLIBC_2.0
                0x0000000008055870                getuid@@GLIBC_2.0
                0x0000000008055880                pthread_setaffinity_np@@GLIBC_2.3.4
                0x0000000008055890                dlerror@@GLIBC_2.0
                0x00000000080558a0                unlink@@GLIBC_2.0
                0x00000000080558b0                __strndup@@GLIBC_2.2
                0x00000000080558c0                readlink@@GLIBC_2.0
                0x00000000080558d0                fnmatch@@GLIBC_2.2.3
                0x00000000080558e0                index@@GLIBC_2.0
                0x00000000080558f0                ioctl@@GLIBC_2.0
                0x0000000008055900                fopen64@@GLIBC_2.1
                0x0000000008055910                __xstat@@GLIBC_2.0
                0x0000000008055920                poll@@GLIBC_2.0
                0x0000000008055930                fwrite@@GLIBC_2.0
                0x0000000008055940                __fxstat64@@GLIBC_2.2
                0x0000000008055950                strcpy@@GLIBC_2.0
                0x0000000008055960                epoll_ctl@@GLIBC_2.3.2
                0x0000000008055970                lseek64@@GLIBC_2.2
                0x0000000008055980                getpid@@GLIBC_2.0
                0x0000000008055990                tcsetattr@@GLIBC_2.0
                0x00000000080559a0                getenv@@GLIBC_2.0
                0x00000000080559b0                realloc@@GLIBC_2.0
                0x00000000080559c0                __vdprintf_chk@@GLIBC_2.8
                0x00000000080559d0                mlockall@@GLIBC_2.0
                0x00000000080559e0                malloc@@GLIBC_2.0
                0x00000000080559f0                puts@@GLIBC_2.0
                0x0000000008055a00                strerror@@GLIBC_2.0
                0x0000000008055a10                __memcpy_chk@@GLIBC_2.3.4
                0x0000000008055a30                timerfd_create@@GLIBC_2.8
                0x0000000008055a40                exit@@GLIBC_2.0
                0x0000000008055a50                open@@GLIBC_2.0
                0x0000000008055a60                flock@@GLIBC_2.0
                0x0000000008055a70                getopt_long@@GLIBC_2.0
                0x0000000008055a80                strtoul@@GLIBC_2.0
                0x0000000008055a90                mmap@@GLIBC_2.0
                0x0000000008055aa0                strchr@@GLIBC_2.0
                0x0000000008055ab0                fscanf@@GLIBC_2.0
                0x0000000008055ac0                pthread_setname_np@@GLIBC_2.12
                0x0000000008055ad0                strlen@@GLIBC_2.0
                0x0000000008055ae0                __libc_start_main@@GLIBC_2.0
                0x0000000008055af0                write@@GLIBC_2.0
                0x0000000008055b00                open64@@GLIBC_2.2
                0x0000000008055b10                getpagesize@@GLIBC_2.0
                0x0000000008055b20                mlock@@GLIBC_2.0
                0x0000000008055b30                fcntl@@GLIBC_2.0
                0x0000000008055b40                sigaddset@@GLIBC_2.0
                0x0000000008055b50                bind@@GLIBC_2.0
                0x0000000008055b60                __isoc99_sscanf@@GLIBC_2.7
                0x0000000008055b70                backtrace_symbols@@GLIBC_2.1
                0x0000000008055b80                fopen@@GLIBC_2.1
                0x0000000008055b90                memset@@GLIBC_2.0
                0x0000000008055ba0                lockf@@GLIBC_2.0
                0x0000000008055bb0                snprintf@@GLIBC_2.0
                0x0000000008055bc0                __strdup@@GLIBC_2.0
                0x0000000008055bd0                ftruncate@@GLIBC_2.0
                0x0000000008055be0                srand48@@GLIBC_2.0
                0x0000000008055bf0                __errno_location@@GLIBC_2.0
                0x0000000008055c00                memchr@@GLIBC_2.0
                0x0000000008055c10                strncpy@@GLIBC_2.0
                0x0000000008055c20                syscall@@GLIBC_2.0
                0x0000000008055c30                strtoull@@GLIBC_2.0
                0x0000000008055c40                fileno@@GLIBC_2.0
                0x0000000008055c50                iopl@@GLIBC_2.0
                0x0000000008055c60                mmap64@@GLIBC_2.1
                0x0000000008055c70                __strncpy_chk@@GLIBC_2.3.4
                0x0000000008055c80                strncasecmp@@GLIBC_2.0
                0x0000000008055c90                pipe@@GLIBC_2.0
                0x0000000008055ca0                fopencookie@@GLIBC_2.2
                0x0000000008055cb0                access@@GLIBC_2.0
                0x0000000008055cc0                __strcpy_chk@@GLIBC_2.3.4
                0x0000000008055cd0                __printf_chk@@GLIBC_2.3.4
                0x0000000008055ce0                ftruncate64@@GLIBC_2.1
                0x0000000008055cf0                strnlen@@GLIBC_2.0
                0x0000000008055d00                epoll_wait@@GLIBC_2.3.2
                0x0000000008055d10                __sigsetjmp@@GLIBC_2.0
                0x0000000008055d20                sendto@@GLIBC_2.0
                0x0000000008055d30                __longjmp_chk@@GLIBC_2.11
                0x0000000008055d40                munmap@@GLIBC_2.0
                0x0000000008055d50                __syslog_chk@@GLIBC_2.4
                0x0000000008055d60                sigemptyset@@GLIBC_2.0
                0x0000000008055d70                readdir@@GLIBC_2.0
                0x0000000008055d80                strrchr@@GLIBC_2.0
                0x0000000008055d90                fputc@@GLIBC_2.0
                0x0000000008055da0                sscanf@@GLIBC_2.0
                0x0000000008055db0                getdelim@@GLIBC_2.0
                0x0000000008055dc0                openlog@@GLIBC_2.0
                0x0000000008055dd0                timerfd_settime@@GLIBC_2.8
                0x0000000008055de0                epoll_create@@GLIBC_2.3.2
                0x0000000008055df0                qsort@@GLIBC_2.0
                0x0000000008055e00                dlopen@@GLIBC_2.1
                0x0000000008055e10                nanosleep@@GLIBC_2.0
                0x0000000008055e20                socket@@GLIBC_2.0
                0x0000000008055e30                eventfd@@GLIBC_2.7
                0x0000000008055e40                __fprintf_chk@@GLIBC_2.3.4
                0x0000000008055e50                pthread_create@@GLIBC_2.1
                0x0000000008055e60                clock_gettime@@GLIBC_2.2
                0x0000000008055e70                sigaction@@GLIBC_2.0
                0x0000000008055e80                strncmp@@GLIBC_2.0
                0x0000000008055e90                tcgetattr@@GLIBC_2.0
                0x0000000008055ea0                abort@@GLIBC_2.0
                0x0000000008055eb0                backtrace@@GLIBC_2.1
                0x0000000008055ec0                __xmknod@@GLIBC_2.0
                0x0000000008055ed0                strtol@@GLIBC_2.0
                0x0000000008055ee0                fputs@@GLIBC_2.0
                0x0000000008055ef0                close@@GLIBC_2.0
                0x0000000008055f00                closedir@@GLIBC_2.0
                0x0000000008055f10                opendir@@GLIBC_2.0
                0x0000000008055f20                __assert_fail@@GLIBC_2.0
                0x0000000008055f30                __ctype_b_loc@@GLIBC_2.3
                0x0000000008055f40                pwrite@@GLIBC_2.2
                0x0000000008055f50                calloc@@GLIBC_2.0
 *(.iplt)
 .iplt          0x0000000000000000        0x0 /usr/lib/gcc/i686-linux-gnu/4.6/../../../i386-linux-gnu/crt1.o

.text           0x0000000008055f60    0x83a5c
 *(.text.unlikely .text.*_unlikely)
 .text.unlikely
                0x0000000008055f60      0x6e7 /home/minh/dpdk16.07.2/i686-native-linuxapp-gcc/lib/librte_acl.a(acl_run_sse.o)
 .text.unlikely
                0x0000000008056647       0x27 /home/minh/dpdk16.07.2/i686-native-linuxapp-gcc/lib/libethdev.a(rte_ethdev.o)
 .text.unlikely
                0x000000000805666e       0x27 /home/minh/dpdk16.07.2/i686-native-linuxapp-gcc/lib/librte_mempool.a(rte_mempool.o)
 .text.unlikely
                0x0000000008056695       0x36 /home/minh/dpdk16.07.2/i686-native-linuxapp-gcc/lib/librte_eal.a(eal_memory.o)
 .text.unlikely
                0x00000000080566cb       0x55 /home/minh/dpdk16.07.2/i686-native-linuxapp-gcc/lib/librte_eal.a(eal_debug.o)
                0x00000000080566cb                __rte_panic
 .text.unlikely
                0x0000000008056720       0x2b /home/minh/dpdk16.07.2/i686-native-linuxapp-gcc/lib/librte_eal.a(eal_common_log.o)
                0x0000000008056720                rte_log
 .text.unlikely
                0x000000000805674b       0x27 /home/minh/dpdk16.07.2/i686-native-linuxapp-gcc/lib/librte_pmd_af_packet.a(rte_eth_af_packet.o)
 .text.unlikely
                0x0000000008056772     0x26d7 /home/minh/dpdk16.07.2/i686-native-linuxapp-gcc/lib/librte_pmd_ixgbe.a(ixgbe_rxtx.o)
                0x000000000805700e                ixgbe_dev_tx_queue_release
                0x0000000008057017                ixgbe_set_tx_function
                0x0000000008057044                ixgbe_dev_tx_queue_setup
                0x0000000008057486                ixgbe_dev_rx_queue_release
                0x000000000805748f                ixgbe_dev_clear_queues
                0x000000000805750d                ixgbe_dev_tx_init
                0x00000000080576d1                ixgbe_dev_rx_queue_start
                0x0000000008057873                ixgbe_dev_rx_queue_stop
                0x0000000008057997                ixgbe_dev_tx_queue_start
                0x0000000008057a7f                ixgbe_dev_rxtx_start
                0x0000000008057c4c                ixgbe_dev_tx_queue_stop
                0x0000000008057d90                ixgbevf_dev_tx_init
                0x0000000008057e14                ixgbevf_dev_rxtx_start
                0x0000000008057fcb                ixgbe_set_rx_function
                0x0000000008058092                ixgbevf_dev_rx_init
                0x000000000805822e                ixgbe_dev_rx_init
                0x0000000008058b11                ixgbe_dev_rx_queue_setup
 .text.unlikely
                0x0000000008058e49       0x2e /home/minh/dpdk16.07.2/i686-native-linuxapp-gcc/lib/librte_pmd_ixgbe.a(ixgbe_ethdev.o)
 .text.unlikely
                0x0000000008058e77       0x4e /home/minh/dpdk16.07.2/i686-native-linuxapp-gcc/lib/librte_pmd_null.a(rte_eth_null.o)
 *(.text.exit .text.exit.*)
 *(.text.startup .text.startup.*)
 *fill*         0x0000000008058ec5        0xb 90909090
 .text.startup  0x0000000008058ed0       0x62 /home/minh/dpdk16.07.2/i686-native-linuxapp-gcc/lib/librte_acl.a(rte_acl.o)
                0x0000000008058ed0                tailqinitfn_rte_acl_tailq
 *fill*         0x0000000008058f32        0xe 90909090
 .text.startup  0x0000000008058f40       0x7b /home/minh/dpdk16.07.2/i686-native-linuxapp-gcc/lib/librte_hash.a(rte_cuckoo_hash.o)
                0x0000000008058f80                tailqinitfn_rte_hash_tailq
 *fill*         0x0000000008058fbb        0x5 90909090
 .text.startup  0x0000000008058fc0       0x7b /home/minh/dpdk16.07.2/i686-native-linuxapp-gcc/lib/librte_hash.a(rte_fbk_hash.o)
                0x0000000008059000                tailqinitfn_rte_fbk_hash_tailq
 *fill*         0x000000000805903b        0x5 90909090
 .text.startup  0x0000000008059040       0x3b /home/minh/dpdk16.07.2/i686-native-linuxapp-gcc/lib/librte_mempool.a(rte_mempool.o)
                0x0000000008059040                tailqinitfn_rte_mempool_tailq
 *fill*         0x000000000805907b        0x5 90909090
 .text.startup  0x0000000008059080       0x73 /home/minh/dpdk16.07.2/i686-native-linuxapp-gcc/lib/librte_mempool.a(rte_mempool_ring.o)
                0x0000000008059080                mp_hdlr_init_ops_mp_mc
                0x00000000080590a0                mp_hdlr_init_ops_sp_sc
                0x00000000080590c0                mp_hdlr_init_ops_mp_sc
                0x00000000080590e0                mp_hdlr_init_ops_sp_mc
 *fill*         0x00000000080590f3        0xd 90909090
 .text.startup  0x0000000008059100       0x13 /home/minh/dpdk16.07.2/i686-native-linuxapp-gcc/lib/librte_mempool.a(rte_mempool_stack.o)
                0x0000000008059100                mp_hdlr_init_ops_stack
 *fill*         0x0000000008059113        0xd 90909090
 .text.startup  0x0000000008059120       0x3b /home/minh/dpdk16.07.2/i686-native-linuxapp-gcc/lib/librte_ring.a(rte_ring.o)
                0x0000000008059120                tailqinitfn_rte_ring_tailq
 *fill*         0x000000000805915b        0x5 90909090
 .text.startup  0x0000000008059160       0x3b /home/minh/dpdk16.07.2/i686-native-linuxapp-gcc/lib/librte_eal.a(eal_common_pci_uio.o)
                0x0000000008059160                tailqinitfn_rte_uio_tailq
 *fill*         0x000000000805919b        0x5 90909090
 .text.startup  0x00000000080591a0      0x153 /home/minh/dpdk16.07.2/i686-native-linuxapp-gcc/lib/librte_eal.a(eal_common_cpuflags.o)
                0x00000000080591a0                rte_cpu_check_supported
 *fill*         0x00000000080592f3        0xd 90909090
 .text.startup  0x0000000008059300       0x18 /home/minh/dpdk16.07.2/i686-native-linuxapp-gcc/lib/librte_eal.a(rte_spinlock.o)
 *fill*         0x0000000008059318        0x8 90909090
 .text.startup  0x0000000008059320       0x1d /home/minh/dpdk16.07.2/i686-native-linuxapp-gcc/lib/librte_pmd_af_packet.a(rte_eth_af_packet.o)
                0x0000000008059320                devinitfn_pmd_af_packet_drv
 *fill*         0x000000000805933d        0x3 90909090
 .text.startup  0x0000000008059340       0x3d /home/minh/dpdk16.07.2/i686-native-linuxapp-gcc/lib/librte_pmd_ixgbe.a(ixgbe_ethdev.o)
                0x0000000008059340                devinitfn_rte_ixgbe_driver
                0x0000000008059360                devinitfn_rte_ixgbevf_driver
 *fill*         0x000000000805937d        0x3 90909090
 .text.startup  0x0000000008059380       0x1d /home/minh/dpdk16.07.2/i686-native-linuxapp-gcc/lib/librte_pmd_null.a(rte_eth_null.o)
                0x0000000008059380                devinitfn_pmd_null_drv
 *fill*         0x000000000805939d        0x3 90909090
 .text.startup  0x00000000080593a0       0x1d /home/minh/dpdk16.07.2/i686-native-linuxapp-gcc/lib/librte_pmd_ring.a(rte_eth_ring.o)
                0x00000000080593a0                devinitfn_pmd_ring_drv
 *(.text.hot .text.hot.*)
 *(.text .stub .text.* .gnu.linkonce.t.*)
 *fill*         0x00000000080593bd        0x3 90909090
 .text          0x00000000080593c0       0x24 /usr/lib/gcc/i686-linux-gnu/4.6/../../../i386-linux-gnu/crt1.o
                0x00000000080593c0                _start
 .text          0x00000000080593e4        0x0 /usr/lib/gcc/i686-linux-gnu/4.6/../../../i386-linux-gnu/crti.o
 *fill*         0x00000000080593e4        0xc 90909090
 .text          0x00000000080593f0       0x83 /usr/lib/gcc/i686-linux-gnu/4.6/crtbegin.o
 *fill*         0x0000000008059473        0x1 90909090
 .text          0x0000000008059474     0xaf32 basicfwd.o
                0x0000000008064029                lcore_app_main
                0x00000000080640ff                main
 *fill*         0x00000000080643a6        0x2 90909090
 .text          0x00000000080643a8      0x1ff hypervisor.o
                0x00000000080643a8                proc_maps_push
                0x00000000080643ec                push_prot_mem
                0x0000000008064430                parse_proc_map
                0x0000000008064542                do_remap
                0x000000000806455f                proc_maps_print
 *fill*         0x00000000080645a7        0x9 90909090
 .text          0x00000000080645b0      0x13b /home/minh/dpdk16.07.2/i686-native-linuxapp-gcc/lib/librte_acl.a(tb_mem.o)
                0x00000000080645b0                tb_alloc
                0x00000000080646b0                tb_free_pool
 *fill*         0x00000000080646eb        0x5 90909090
 .text          0x00000000080646f0      0x7ec /home/minh/dpdk16.07.2/i686-native-linuxapp-gcc/lib/librte_acl.a(rte_acl.o)
                0x00000000080646f0                rte_acl_classify_avx2
                0x0000000008064710                rte_acl_classify_neon
                0x0000000008064720                rte_acl_set_ctx_classify
                0x0000000008064740                rte_acl_classify_alg
                0x00000000080647c0                rte_acl_classify
                0x0000000008064840                rte_acl_find_existing
                0x00000000080648e0                rte_acl_free
                0x00000000080649b0                rte_acl_create
                0x0000000008064c00                rte_acl_add_rules
                0x0000000008064d30                rte_acl_reset_rules
                0x0000000008064d50                rte_acl_reset
                0x0000000008064d80                rte_acl_dump
                0x0000000008064e70                rte_acl_list_dump
 *fill*         0x0000000008064edc        0x4 90909090
 .text          0x0000000008064ee0     0x658c /home/minh/dpdk16.07.2/i686-native-linuxapp-gcc/lib/librte_acl.a(acl_bld.o)
                0x000000000806b1b0                rte_acl_build
 *fill*         0x000000000806b46c        0x4 90909090
 .text          0x000000000806b470     0x1043 /home/minh/dpdk16.07.2/i686-native-linuxapp-gcc/lib/librte_acl.a(acl_gen.o)
                0x000000000806c190                rte_acl_gen
 *fill*         0x000000000806c4b3        0xd 90909090
 .text          0x000000000806c4c0     0x140d /home/minh/dpdk16.07.2/i686-native-linuxapp-gcc/lib/librte_acl.a(acl_run_scalar.o)
                0x000000000806c5a0                rte_acl_classify_scalar
 *fill*         0x000000000806d8cd        0x3 90909090
 .text          0x000000000806d8d0     0x13e9 /home/minh/dpdk16.07.2/i686-native-linuxapp-gcc/lib/librte_acl.a(acl_run_sse.o)
                0x000000000806ec40                rte_acl_classify_sse
 *fill*         0x000000000806ecb9        0x7 90909090
 .text          0x000000000806ecc0      0xc3b /home/minh/dpdk16.07.2/i686-native-linuxapp-gcc/lib/librte_timer.a(rte_timer.o)
                0x000000000806f200                rte_timer_subsystem_init
                0x000000000806f230                rte_timer_init
                0x000000000806f240                rte_timer_reset
                0x000000000806f340                rte_timer_reset_sync
                0x000000000806f3b0                rte_timer_stop
                0x000000000806f470                rte_timer_stop_sync
                0x000000000806f540                rte_timer_pending
                0x000000000806f560                rte_timer_manage
                0x000000000806f8d0                rte_timer_dump_stats
 *fill*         0x000000000806f8fb        0x5 90909090
 .text          0x000000000806f900     0xa514 /home/minh/dpdk16.07.2/i686-native-linuxapp-gcc/lib/librte_hash.a(rte_cuckoo_hash.o)
                0x0000000008074770                rte_hash_find_existing
                0x0000000008074810                rte_hash_set_cmp_func
                0x0000000008074820                rte_hash_create
                0x0000000008074ee0                rte_hash_free
                0x0000000008074ff0                rte_hash_hash
                0x0000000008075020                rte_hash_reset
                0x0000000008075160                rte_hash_add_key_with_hash
                0x0000000008075180                rte_hash_add_key
                0x00000000080751d0                rte_hash_add_key_with_hash_data
                0x0000000008075200                rte_hash_add_key_data
                0x0000000008075250                rte_hash_lookup_with_hash
                0x0000000008077540                rte_hash_lookup
                0x00000000080779f0                rte_hash_lookup_with_hash_data
                0x0000000008077e80                rte_hash_lookup_data
                0x0000000008078390                rte_hash_del_key_with_hash
                0x0000000008078db0                rte_hash_del_key
                0x00000000080797f0                rte_hash_get_key_with_position
                0x0000000008079cb0                rte_hash_lookup_bulk
                0x0000000008079cf0                rte_hash_lookup_bulk_data
                0x0000000008079d50                rte_hash_iterate
 *fill*         0x0000000008079e14        0xc 90909090
 .text          0x0000000008079e20      0x43b /home/minh/dpdk16.07.2/i686-native-linuxapp-gcc/lib/librte_hash.a(rte_fbk_hash.o)
                0x0000000008079e70                rte_fbk_hash_find_existing
                0x0000000008079f10                rte_fbk_hash_create
                0x000000000807a1a0                rte_fbk_hash_free
 *fill*         0x000000000807a25b        0x5 90909090
 .text          0x000000000807a260      0x3ad /home/minh/dpdk16.07.2/i686-native-linuxapp-gcc/lib/librte_kvargs.a(rte_kvargs.o)
                0x000000000807a260                rte_kvargs_count
                0x000000000807a2c0                rte_kvargs_process
                0x000000000807a380                rte_kvargs_free
                0x000000000807a3b0                rte_kvargs_parse
 *fill*         0x000000000807a60d        0x3 90909090
 .text          0x000000000807a610      0x7a8 /home/minh/dpdk16.07.2/i686-native-linuxapp-gcc/lib/librte_mbuf.a(rte_mbuf.o)
                0x000000000807a610                rte_pktmbuf_init
                0x000000000807a6e0                rte_ctrlmbuf_init
                0x000000000807a7b0                rte_pktmbuf_pool_init
                0x000000000807a800                rte_pktmbuf_pool_create
                0x000000000807a960                rte_mbuf_sanity_check
                0x000000000807aa70                rte_pktmbuf_dump
                0x000000000807ab90                rte_get_rx_ol_flag_name
                0x000000000807ac60                rte_get_tx_ol_flag_name
 *fill*         0x000000000807adb8        0x8 90909090
 .text          0x000000000807adc0     0x5f87 /home/minh/dpdk16.07.2/i686-native-linuxapp-gcc/lib/libethdev.a(rte_ethdev.o)
                0x000000000807b770                rte_eth_tx_buffer_drop_callback
                0x000000000807ba90                rte_eth_dev_allocated
                0x000000000807bb00                rte_eth_dev_allocate
                0x000000000807bc80                rte_eth_dev_release_port
                0x000000000807bca0                rte_eth_driver_register
                0x000000000807bcc0                rte_eth_dev_is_valid_port
                0x000000000807bcf0                rte_eth_dev_socket_id
                0x000000000807bd30                rte_eth_dev_count
                0x000000000807bd40                rte_eth_dev_get_name_by_port
                0x000000000807bda0                rte_eth_dev_get_port_by_name
                0x000000000807be20                rte_eth_dev_attach
                0x000000000807c140                rte_eth_dev_detach
                0x000000000807c350                rte_eth_dev_rx_queue_start
                0x000000000807c3e0                rte_eth_dev_rx_queue_stop
                0x000000000807c470                rte_eth_dev_tx_queue_start
                0x000000000807c500                rte_eth_dev_tx_queue_stop
                0x000000000807c590                rte_eth_speed_bitflag
                0x000000000807c670                rte_eth_dev_configure
                0x000000000807c8e0                rte_eth_dev_start
                0x000000000807cc90                rte_eth_dev_stop
                0x000000000807ccf0                rte_eth_dev_set_link_up
                0x000000000807cd40                rte_eth_dev_set_link_down
                0x000000000807cd90                rte_eth_dev_close
                0x000000000807ce10                rte_eth_rx_queue_setup
                0x000000000807d000                rte_eth_tx_queue_setup
                0x000000000807d1a0                rte_eth_tx_buffer_count_callback
                0x000000000807d4d0                rte_eth_tx_buffer_set_err_callback
                0x000000000807d4f0                rte_eth_tx_buffer_init
                0x000000000807d530                rte_eth_promiscuous_enable
                0x000000000807d580                rte_eth_promiscuous_disable
                0x000000000807d5d0                rte_eth_promiscuous_get
                0x000000000807d610                rte_eth_allmulticast_enable
                0x000000000807d660                rte_eth_allmulticast_disable
                0x000000000807d6b0                rte_eth_allmulticast_get
                0x000000000807d6f0                rte_eth_link_get
                0x000000000807d790                rte_eth_link_get_nowait
                0x000000000807d830                rte_eth_stats_get
                0x000000000807d910                rte_eth_stats_reset
                0x000000000807d970                rte_eth_xstats_get_names
                0x000000000807dce0                rte_eth_xstats_get
                0x000000000807df70                rte_eth_xstats_reset
                0x000000000807dfe0                rte_eth_dev_set_tx_queue_stats_mapping
                0x000000000807e050                rte_eth_dev_set_rx_queue_stats_mapping
                0x000000000807e0c0                rte_eth_dev_info_get
                0x000000000807e1c0                rte_eth_dev_get_supported_ptypes
                0x000000000807e250                rte_eth_macaddr_get
                0x000000000807e2a0                rte_eth_dev_get_mtu
                0x000000000807e2e0                rte_eth_dev_set_mtu
                0x000000000807e360                rte_eth_dev_vlan_filter
                0x000000000807e3e0                rte_eth_dev_set_vlan_strip_on_queue
                0x000000000807e460                rte_eth_dev_set_vlan_ether_type
                0x000000000807e4c0                rte_eth_dev_set_vlan_offload
                0x000000000807e610                rte_eth_dev_get_vlan_offload
                0x000000000807e670                rte_eth_dev_set_vlan_pvid
                0x000000000807e6e0                rte_eth_dev_flow_ctrl_get
                0x000000000807e760                rte_eth_dev_flow_ctrl_set
                0x000000000807e7c0                rte_eth_dev_priority_flow_ctrl_set
                0x000000000807e820                rte_eth_dev_rss_reta_update
                0x000000000807e990                rte_eth_dev_rss_reta_query
                0x000000000807ea80                rte_eth_dev_rss_hash_update
                0x000000000807eb00                rte_eth_dev_rss_hash_conf_get
                0x000000000807eb50                rte_eth_dev_udp_tunnel_port_add
                0x000000000807ebc0                rte_eth_dev_udp_tunnel_port_delete
                0x000000000807ec30                rte_eth_led_on
                0x000000000807ec80                rte_eth_led_off
                0x000000000807ecd0                rte_eth_dev_mac_addr_add
                0x000000000807ee40                rte_eth_dev_mac_addr_remove
                0x000000000807ef20                rte_eth_dev_default_mac_addr_set
                0x000000000807efe0                rte_eth_dev_set_vf_rxmode
                0x000000000807f150                rte_eth_dev_uc_hash_table_set
                0x000000000807f2d0                rte_eth_dev_uc_all_hash_table_set
                0x000000000807f320                rte_eth_dev_set_vf_rx
                0x000000000807f460                rte_eth_dev_set_vf_tx
                0x000000000807f5a0                rte_eth_dev_set_vf_vlan_filter
                0x000000000807f650                rte_eth_set_queue_rate_limit
                0x000000000807f7a0                rte_eth_set_vf_rate_limit
                0x000000000807f940                rte_eth_mirror_rule_set
                0x000000000807fa20                rte_eth_mirror_rule_reset
                0x000000000807fa70                rte_eth_dev_callback_register
                0x000000000807fb50                rte_eth_dev_callback_unregister
                0x000000000807fc50                _rte_eth_dev_callback_process
                0x000000000807fd00                rte_eth_dev_rx_intr_ctl
                0x000000000807fdd0                rte_eth_dma_zone_reserve
                0x000000000807fe90                rte_eth_dev_rx_intr_ctl_q
                0x000000000807ff30                rte_eth_dev_rx_intr_enable
                0x000000000807ff80                rte_eth_dev_rx_intr_disable
                0x000000000807ffd0                rte_eth_dev_filter_supported
                0x0000000008080040                rte_eth_dev_filter_ctrl
                0x00000000080800c0                rte_eth_add_rx_callback
                0x00000000080801b0                rte_eth_add_first_rx_callback
                0x00000000080802a0                rte_eth_add_tx_callback
                0x0000000008080390                rte_eth_remove_rx_callback
                0x0000000008080430                rte_eth_remove_tx_callback
                0x00000000080804e0                rte_eth_rx_queue_info_get
                0x00000000080805f0                rte_eth_tx_queue_info_get
                0x0000000008080700                rte_eth_dev_set_mc_addr_list
                0x0000000008080760                rte_eth_timesync_enable
                0x00000000080807b0                rte_eth_timesync_disable
                0x0000000008080800                rte_eth_timesync_read_rx_timestamp
                0x0000000008080860                rte_eth_timesync_read_tx_timestamp
                0x00000000080808b0                rte_eth_timesync_adjust_time
                0x0000000008080910                rte_eth_timesync_read_time
                0x0000000008080960                rte_eth_timesync_write_time
                0x00000000080809b0                rte_eth_dev_get_reg_info
                0x0000000008080a00                rte_eth_dev_get_eeprom_length
                0x0000000008080a50                rte_eth_dev_get_eeprom
                0x0000000008080aa0                rte_eth_dev_set_eeprom
                0x0000000008080af0                rte_eth_dev_get_dcb_info
                0x0000000008080bc0                rte_eth_copy_pci_info
                0x0000000008080c50                rte_eth_dev_l2_tunnel_eth_type_conf
                0x0000000008080cc0                rte_eth_dev_l2_tunnel_offload_set
 *fill*         0x0000000008080d47        0x9 90909090
 .text          0x0000000008080d50     0x20cc /home/minh/dpdk16.07.2/i686-native-linuxapp-gcc/lib/librte_mempool.a(rte_mempool.o)
                0x0000000008080ee0                rte_mempool_obj_iter
                0x0000000008080f30                rte_mempool_mem_iter
                0x0000000008080f70                rte_mempool_calc_obj_size
                0x0000000008081080                rte_mempool_xmem_size
                0x0000000008081100                rte_mempool_xmem_usage
                0x0000000008081230                rte_mempool_populate_phys
                0x00000000080815e0                rte_mempool_populate_phys_tab
                0x00000000080817e0                rte_mempool_populate_virt
                0x00000000080818c0                rte_mempool_populate_default
                0x0000000008081c30                rte_mempool_populate_anon
                0x0000000008081e20                rte_mempool_free
                0x0000000008081ee0                rte_mempool_cache_create
                0x0000000008081fa0                rte_mempool_cache_free
                0x0000000008081fb0                rte_mempool_create_empty
                0x0000000008082320                rte_mempool_create
                0x0000000008082470                rte_mempool_xmem_create
                0x00000000080827b0                rte_mempool_avail_count
                0x00000000080827f0                rte_mempool_in_use_count
                0x0000000008082840                rte_mempool_count
                0x0000000008082880                rte_mempool_check_cookies
                0x0000000008082890                rte_mempool_audit
                0x0000000008082900                rte_mempool_dump
                0x0000000008082c80                rte_mempool_list_dump
                0x0000000008082d00                rte_mempool_lookup
                0x0000000008082da0                rte_mempool_walk
 *fill*         0x0000000008082e1c        0x4 90909090
 .text          0x0000000008082e20      0x2bd /home/minh/dpdk16.07.2/i686-native-linuxapp-gcc/lib/librte_mempool.a(rte_mempool_ops.o)
                0x0000000008082e20                rte_mempool_register_ops
                0x0000000008082f70                rte_mempool_ops_alloc
                0x0000000008082fc0                rte_mempool_ops_free
                0x0000000008083010                rte_mempool_ops_get_count
                0x0000000008083060                rte_mempool_set_ops_byname
 *fill*         0x00000000080830dd        0x3 90909090
 .text          0x00000000080830e0      0xb49 /home/minh/dpdk16.07.2/i686-native-linuxapp-gcc/lib/librte_mempool.a(rte_mempool_ring.o)
 *fill*         0x0000000008083c29        0x7 90909090
 .text          0x0000000008083c30      0x2b9 /home/minh/dpdk16.07.2/i686-native-linuxapp-gcc/lib/librte_mempool.a(rte_mempool_stack.o)
 *fill*         0x0000000008083ee9        0x7 90909090
 .text          0x0000000008083ef0      0x874 /home/minh/dpdk16.07.2/i686-native-linuxapp-gcc/lib/librte_ring.a(rte_ring.o)
                0x0000000008083ef0                rte_ring_get_memsize
                0x0000000008083f40                rte_ring_init
                0x0000000008084050                rte_ring_create
                0x0000000008084360                rte_ring_free
                0x0000000008084470                rte_ring_set_water_mark
                0x00000000080844a0                rte_ring_dump
                0x0000000008084650                rte_ring_list_dump
                0x00000000080846d0                rte_ring_lookup
 *fill*         0x0000000008084764        0xc 90909090
 .text          0x0000000008084770     0x14ec /home/minh/dpdk16.07.2/i686-native-linuxapp-gcc/lib/librte_eal.a(eal.o)
                0x00000000080847e0                rte_eal_get_configuration
                0x00000000080847f0                eal_parse_sysfs_value
                0x0000000008084940                eal_proc_type_detect
                0x0000000008084a30                rte_set_application_usage_hook
                0x0000000008084a40                rte_eal_iopl_init
                0x0000000008084a60                rte_eal_init
                0x0000000008085b40                rte_eal_lcore_role
                0x0000000008085b50                rte_eal_process_type
                0x0000000008085b60                rte_eal_has_hugepages
                0x0000000008085b70                rte_eal_check_module
 *fill*         0x0000000008085c5c        0x4 90909090
 .text          0x0000000008085c60      0xb23 /home/minh/dpdk16.07.2/i686-native-linuxapp-gcc/lib/librte_eal.a(eal_hugepage_info.o)
                0x0000000008086290                eal_hugepage_info_init
 *fill*         0x0000000008086783        0xd 90909090
 .text          0x0000000008086790     0x2440 /home/minh/dpdk16.07.2/i686-native-linuxapp-gcc/lib/librte_eal.a(eal_memory.o)
                0x0000000008086f20                rte_mem_lock_page
                0x0000000008086f40                rte_mem_virt2phy
                0x0000000008087160                rte_eal_hugepage_init
                0x0000000008088450                rte_eal_hugepage_attach
 .text          0x0000000008088bd0      0x3c5 /home/minh/dpdk16.07.2/i686-native-linuxapp-gcc/lib/librte_eal.a(eal_thread.o)
                0x0000000008088bd0                rte_eal_remote_launch
                0x0000000008088cc0                eal_thread_init_master
                0x0000000008088d30                eal_thread_loop
                0x0000000008088f70                rte_sys_gettid
                0x0000000008088f90                rte_thread_setname
 *fill*         0x0000000008088f95        0xb 90909090
 .text          0x0000000008088fa0      0x235 /home/minh/dpdk16.07.2/i686-native-linuxapp-gcc/lib/librte_eal.a(eal_log.o)
                0x00000000080890f0                rte_eal_log_init
                0x0000000008089170                rte_eal_log_early_init
 *fill*         0x00000000080891d5        0x3 90909090
 .text          0x00000000080891d8        0x0 /home/minh/dpdk16.07.2/i686-native-linuxapp-gcc/lib/librte_eal.a(eal_vfio.o)
 .text          0x00000000080891d8        0x0 /home/minh/dpdk16.07.2/i686-native-linuxapp-gcc/lib/librte_eal.a(eal_vfio_mp_sync.o)
 *fill*         0x00000000080891d8        0x8 90909090
 .text          0x00000000080891e0     0x1822 /home/minh/dpdk16.07.2/i686-native-linuxapp-gcc/lib/librte_eal.a(eal_pci.o)
                0x0000000008089450                pci_unbind_kernel_driver
                0x0000000008089610                rte_eal_pci_map_device
                0x0000000008089650                rte_eal_pci_unmap_device
                0x00000000080896a0                pci_find_max_end_va
                0x00000000080896e0                pci_parse_one_sysfs_resource
                0x00000000080897e0                rte_eal_pci_scan
                0x000000000808a710                rte_eal_pci_read_config
                0x000000000808a790                rte_eal_pci_write_config
                0x000000000808a810                rte_eal_pci_ioport_map
                0x000000000808a890                rte_eal_pci_ioport_read
                0x000000000808a8f0                rte_eal_pci_ioport_write
                0x000000000808a950                rte_eal_pci_ioport_unmap
                0x000000000808a990                rte_eal_pci_init
 *fill*         0x000000000808aa02        0xe 90909090
 .text          0x000000000808aa10      0xcf3 /home/minh/dpdk16.07.2/i686-native-linuxapp-gcc/lib/librte_eal.a(eal_pci_uio.o)
                0x000000000808ae60                pci_uio_read_config
                0x000000000808ae70                pci_uio_write_config
                0x000000000808ae80                pci_uio_free_resource
                0x000000000808aee0                pci_uio_alloc_resource
                0x000000000808b220                pci_uio_map_resource_by_index
                0x000000000808b4a0                pci_uio_ioport_map
                0x000000000808b650                pci_uio_ioport_read
                0x000000000808b6a0                pci_uio_ioport_write
                0x000000000808b700                pci_uio_ioport_unmap
 *fill*         0x000000000808b703        0x1 90909090
 .text          0x000000000808b704        0x0 /home/minh/dpdk16.07.2/i686-native-linuxapp-gcc/lib/librte_eal.a(eal_pci_vfio.o)
 *fill*         0x000000000808b704        0xc 90909090
 .text          0x000000000808b710       0xfa /home/minh/dpdk16.07.2/i686-native-linuxapp-gcc/lib/librte_eal.a(eal_debug.o)
                0x000000000808b710                rte_dump_stack
                0x000000000808b7a0                rte_dump_registers
                0x000000000808b7b0                rte_exit
 *fill*         0x000000000808b80a        0x6 90909090
 .text          0x000000000808b810      0x452 /home/minh/dpdk16.07.2/i686-native-linuxapp-gcc/lib/librte_eal.a(eal_lcore.o)
                0x000000000808b810                eal_cpu_detected
                0x000000000808b8a0                eal_cpu_socket_id
                0x000000000808bba0                eal_cpu_core_id
 *fill*         0x000000000808bc62        0xe 90909090
 .text          0x000000000808bc70      0x2fd /home/minh/dpdk16.07.2/i686-native-linuxapp-gcc/lib/librte_eal.a(eal_timer.o)
                0x000000000808bdc0                get_tsc_freq
                0x000000000808bf50                rte_eal_timer_init
 *fill*         0x000000000808bf6d        0x3 90909090
 .text          0x000000000808bf70     0x143f /home/minh/dpdk16.07.2/i686-native-linuxapp-gcc/lib/librte_eal.a(eal_interrupts.o)
                0x000000000808c4b0                rte_intr_callback_register
                0x000000000808c6a0                rte_intr_callback_unregister
                0x000000000808c850                rte_intr_enable
                0x000000000808c9d0                rte_intr_disable
                0x000000000808cb50                rte_eal_intr_init
                0x000000000808cc20                rte_intr_tls_epfd
                0x000000000808cc80                rte_epoll_wait
                0x000000000808ce50                rte_epoll_ctl
                0x000000000808d000                rte_intr_rx_ctl
                0x000000000808d160                rte_intr_efd_enable
                0x000000000808d260                rte_intr_efd_disable
                0x000000000808d370                rte_intr_dp_is_en
                0x000000000808d380                rte_intr_allow_others
                0x000000000808d3a0                rte_intr_cap_multiple
 *fill*         0x000000000808d3af        0x1 90909090
 .text          0x000000000808d3b0      0x6b1 /home/minh/dpdk16.07.2/i686-native-linuxapp-gcc/lib/librte_eal.a(eal_alarm.o)
                0x000000000808d500                rte_eal_alarm_init
                0x000000000808d550                rte_eal_alarm_set
                0x000000000808d7d0                rte_eal_alarm_cancel
 *fill*         0x000000000808da61        0xf 90909090
 .text          0x000000000808da70      0x119 /home/minh/dpdk16.07.2/i686-native-linuxapp-gcc/lib/librte_eal.a(eal_common_lcore.o)
                0x000000000808da70                rte_eal_cpu_init
 *fill*         0x000000000808db89        0x7 90909090
 .text          0x000000000808db90      0x14b /home/minh/dpdk16.07.2/i686-native-linuxapp-gcc/lib/librte_eal.a(eal_common_timer.o)
                0x000000000808db90                rte_delay_us
                0x000000000808dc60                rte_get_tsc_hz
                0x000000000808dc70                set_tsc_freq
 *fill*         0x000000000808dcdb        0x5 90909090
 .text          0x000000000808dce0      0xd84 /home/minh/dpdk16.07.2/i686-native-linuxapp-gcc/lib/librte_eal.a(eal_common_memzone.o)
                0x000000000808e520                rte_memzone_reserve_bounded
                0x000000000808e590                rte_memzone_reserve_aligned
                0x000000000808e600                rte_memzone_reserve
                0x000000000808e670                rte_memzone_free
                0x000000000808e7b0                rte_memzone_lookup
                0x000000000808e850                rte_memzone_dump
                0x000000000808e920                rte_eal_memzone_init
                0x000000000808e9e0                rte_memzone_walk
 *fill*         0x000000000808ea64        0xc 90909090
 .text          0x000000000808ea70      0x181 /home/minh/dpdk16.07.2/i686-native-linuxapp-gcc/lib/librte_eal.a(eal_common_log.o)
                0x000000000808ea70                rte_log_add_in_history
                0x000000000808ea80                rte_openlog_stream
                0x000000000808eaa0                rte_set_log_level
                0x000000000808eab0                rte_get_log_level
                0x000000000808eac0                rte_set_log_type
                0x000000000808eaf0                rte_get_log_type
                0x000000000808eb00                rte_log_cur_msg_loglevel
                0x000000000808eb10                rte_log_cur_msg_logtype
                0x000000000808eb20                rte_log_dump_history
                0x000000000808eb30                rte_vlog
                0x000000000808ebb0                rte_log_set_history
                0x000000000808ebe0                rte_eal_common_log_init
 *fill*         0x000000000808ebf1        0xf 90909090
 .text          0x000000000808ec00      0x291 /home/minh/dpdk16.07.2/i686-native-linuxapp-gcc/lib/librte_eal.a(eal_common_launch.o)
                0x000000000808ec00                rte_eal_wait_lcore
                0x000000000808ec60                rte_eal_mp_remote_launch
                0x000000000808edd0                rte_eal_get_lcore_state
                0x000000000808edf0                rte_eal_mp_wait_lcore
 *fill*         0x000000000808ee91        0xf 90909090
 .text          0x000000000808eea0      0x904 /home/minh/dpdk16.07.2/i686-native-linuxapp-gcc/lib/librte_eal.a(eal_common_pci.o)
                0x000000000808f050                pci_get_sysfs_path
                0x000000000808f070                pci_map_resource
                0x000000000808f130                pci_unmap_resource
                0x000000000808f1b0                rte_eal_pci_probe_one
                0x000000000808f2c0                rte_eal_pci_detach
                0x000000000808f460                rte_eal_pci_probe
                0x000000000808f590                rte_eal_pci_dump
                0x000000000808f760                rte_eal_pci_register
                0x000000000808f780                rte_eal_pci_unregister
 *fill*         0x000000000808f7a4        0xc 90909090
 .text          0x000000000808f7b0      0x613 /home/minh/dpdk16.07.2/i686-native-linuxapp-gcc/lib/librte_eal.a(eal_common_pci_uio.o)
                0x000000000808f7b0                pci_uio_map_resource
                0x000000000808fc10                pci_uio_unmap_resource
 *fill*         0x000000000808fdc3        0xd 90909090
 .text          0x000000000808fdd0      0x1a7 /home/minh/dpdk16.07.2/i686-native-linuxapp-gcc/lib/librte_eal.a(eal_common_memory.o)
                0x000000000808fdd0                rte_eal_get_physmem_layout
                0x000000000808fdf0                rte_eal_get_physmem_size
                0x000000000808fe30                rte_dump_physmem_layout
                0x000000000808fed0                rte_memory_get_nchannel
                0x000000000808fef0                rte_memory_get_nrank
                0x000000000808ff10                rte_eal_memory_init
 *fill*         0x000000000808ff77        0x9 90909090
 .text          0x000000000808ff80      0x4e6 /home/minh/dpdk16.07.2/i686-native-linuxapp-gcc/lib/librte_eal.a(eal_common_tailqs.o)
                0x000000000808ff80                rte_eal_tailq_lookup
                0x000000000808fff0                rte_dump_tailq
                0x0000000008090080                rte_eal_tailq_register
                0x0000000008090280                rte_eal_tailqs_init
 *fill*         0x0000000008090466        0xa 90909090
 .text          0x0000000008090470       0x98 /home/minh/dpdk16.07.2/i686-native-linuxapp-gcc/lib/librte_eal.a(eal_common_errno.o)
                0x0000000008090470                rte_strerror
 .text          0x0000000008090508        0x0 /home/minh/dpdk16.07.2/i686-native-linuxapp-gcc/lib/librte_eal.a(eal_common_cpuflags.o)
 *fill*         0x0000000008090508        0x8 90909090
 .text          0x0000000008090510       0xba /home/minh/dpdk16.07.2/i686-native-linuxapp-gcc/lib/librte_eal.a(eal_common_string_fns.o)
                0x0000000008090510                rte_strsplit
 *fill*         0x00000000080905ca        0x6 90909090
 .text          0x00000000080905d0      0x407 /home/minh/dpdk16.07.2/i686-native-linuxapp-gcc/lib/librte_eal.a(eal_common_hexdump.o)
                0x00000000080905d0                rte_hexdump
                0x0000000008090860                rte_memdump
 *fill*         0x00000000080909d7        0x9 90909090
 .text          0x00000000080909e0      0x4fc /home/minh/dpdk16.07.2/i686-native-linuxapp-gcc/lib/librte_eal.a(eal_common_devargs.o)
                0x00000000080909e0                rte_eal_parse_devargs_str
                0x0000000008090a70                rte_eal_devargs_add
                0x0000000008090d80                rte_eal_devargs_type_count
                0x0000000008090db0                rte_eal_devargs_dump
 *fill*         0x0000000008090edc        0x4 90909090
 .text          0x0000000008090ee0      0x277 /home/minh/dpdk16.07.2/i686-native-linuxapp-gcc/lib/librte_eal.a(eal_common_dev.o)
                0x0000000008090ee0                rte_eal_driver_register
                0x0000000008090f00                rte_eal_driver_unregister
                0x0000000008090f30                rte_eal_vdev_init
                0x0000000008090fc0                rte_eal_dev_init
                0x00000000080910d0                rte_eal_vdev_uninit
 *fill*         0x0000000008091157        0x9 90909090
 .text          0x0000000008091160     0x1693 /home/minh/dpdk16.07.2/i686-native-linuxapp-gcc/lib/librte_eal.a(eal_common_options.o)
                0x00000000080916f0                eal_reset_internal_config
                0x00000000080917f0                eal_plugins_init
                0x00000000080918d0                eal_parse_common_option
                0x0000000008092600                eal_adjust_config
                0x00000000080926c0                eal_check_common_options
                0x00000000080927d0                eal_common_usage
 *fill*         0x00000000080927f3        0xd 90909090
 .text          0x0000000008092800      0x2a9 /home/minh/dpdk16.07.2/i686-native-linuxapp-gcc/lib/librte_eal.a(eal_common_thread.o)
                0x0000000008092800                rte_socket_id
                0x0000000008092810                eal_cpuset_socket_id
                0x0000000008092880                rte_thread_set_affinity
                0x0000000008092990                rte_thread_get_affinity
                0x00000000080929f0                eal_thread_dump_affinity
 *fill*         0x0000000008092aa9        0x7 90909090
 .text          0x0000000008092ab0       0xd8 /home/minh/dpdk16.07.2/i686-native-linuxapp-gcc/lib/librte_eal.a(eal_common_proc.o)
                0x0000000008092ab0                rte_eal_primary_proc_alive
 *fill*         0x0000000008092b88        0x8 90909090
 .text          0x0000000008092b90     0x264b /home/minh/dpdk16.07.2/i686-native-linuxapp-gcc/lib/librte_eal.a(rte_malloc.o)
                0x0000000008092b90                rte_free
                0x0000000008092be0                rte_malloc_socket
                0x0000000008093060                rte_malloc
                0x0000000008093090                rte_zmalloc_socket
                0x00000000080930a0                rte_zmalloc
                0x00000000080930d0                rte_calloc_socket
                0x0000000008093100                rte_calloc
                0x0000000008093130                rte_realloc
                0x0000000008094870                rte_malloc_validate
                0x00000000080948d0                rte_malloc_get_socket_stats
                0x0000000008094930                rte_malloc_dump_stats
                0x0000000008095170                rte_malloc_set_limit
                0x0000000008095180                rte_malloc_virt2phy
 *fill*         0x00000000080951db        0x5 90909090
 .text          0x00000000080951e0      0x668 /home/minh/dpdk16.07.2/i686-native-linuxapp-gcc/lib/librte_eal.a(malloc_elem.o)
                0x00000000080951e0                malloc_elem_init
                0x0000000008095220                malloc_elem_mkend
                0x0000000008095270                malloc_elem_can_hold
                0x00000000080952e0                malloc_elem_free_list_index
                0x0000000008095310                malloc_elem_free_list_insert
                0x0000000008095370                malloc_elem_alloc
                0x00000000080955b0                malloc_elem_free
                0x00000000080956f0                malloc_elem_resize
 *fill*         0x0000000008095848        0x8 90909090
 .text          0x0000000008095850      0x3e5 /home/minh/dpdk16.07.2/i686-native-linuxapp-gcc/lib/librte_eal.a(malloc_heap.o)
                0x0000000008095850                malloc_heap_alloc
                0x0000000008095b00                malloc_heap_get_stats
                0x0000000008095b90                rte_eal_malloc_heap_init
 *fill*         0x0000000008095c35        0xb 90909090
 .text          0x0000000008095c40      0x314 /home/minh/dpdk16.07.2/i686-native-linuxapp-gcc/lib/librte_eal.a(rte_keepalive.o)
                0x0000000008095c40                rte_keepalive_dispatch_pings
                0x0000000008095e50                rte_keepalive_create
                0x0000000008095ed0                rte_keepalive_register_relay_callback
                0x0000000008095ef0                rte_keepalive_register_core
                0x0000000008095f20                rte_keepalive_mark_alive
                0x0000000008095f40                rte_keepalive_mark_sleep
 *fill*         0x0000000008095f54        0xc 90909090
 .text          0x0000000008095f60       0xb8 /home/minh/dpdk16.07.2/i686-native-linuxapp-gcc/lib/librte_eal.a(rte_cpuflags.o)
                0x0000000008095f60                rte_cpu_get_flag_enabled
                0x0000000008096000                rte_cpu_get_flag_name
 .text          0x0000000008096018        0x0 /home/minh/dpdk16.07.2/i686-native-linuxapp-gcc/lib/librte_eal.a(rte_spinlock.o)
 *fill*         0x0000000008096018        0x8 90909090
 .text          0x0000000008096020      0x67e /home/minh/dpdk16.07.2/i686-native-linuxapp-gcc/lib/librte_cmdline.a(cmdline.o)
                0x0000000008096050                cmdline_write_char
                0x00000000080961b0                cmdline_set_prompt
                0x0000000008096200                cmdline_new
                0x0000000008096300                cmdline_free
                0x0000000008096360                cmdline_printf
                0x0000000008096410                cmdline_in
                0x0000000008096560                cmdline_quit
                0x0000000008096580                cmdline_poll
                0x0000000008096650                cmdline_interact
 *fill*         0x000000000809669e        0x2 90909090
 .text          0x00000000080966a0      0x94f /home/minh/dpdk16.07.2/i686-native-linuxapp-gcc/lib/librte_cmdline.a(cmdline_cirbuf.o)
                0x00000000080966a0                cirbuf_init
                0x00000000080966e0                cirbuf_add_buf_head
                0x00000000080967b0                cirbuf_add_buf_tail
                0x00000000080968a0                cirbuf_add_head_safe
                0x0000000008096900                cirbuf_add_head
                0x0000000008096950                cirbuf_add_tail_safe
                0x00000000080969b0                cirbuf_add_tail
                0x00000000080969f0                cirbuf_align_left
                0x0000000008096b50                cirbuf_align_right
                0x0000000008096cc0                cirbuf_del_buf_head
                0x0000000008096d20                cirbuf_del_buf_tail
                0x0000000008096d70                cirbuf_del_head_safe
                0x0000000008096db0                cirbuf_del_head
                0x0000000008096dd0                cirbuf_del_tail_safe
                0x0000000008096e20                cirbuf_del_tail
                0x0000000008096e50                cirbuf_get_buf_head
                0x0000000008096f00                cirbuf_get_buf_tail
                0x0000000008096fd0                cirbuf_get_head
                0x0000000008096fe0                cirbuf_get_tail
 *fill*         0x0000000008096fef        0x1 90909090
 .text          0x0000000008096ff0      0xb5f /home/minh/dpdk16.07.2/i686-native-linuxapp-gcc/lib/librte_cmdline.a(cmdline_parse.o)
                0x0000000008097190                cmdline_isendoftoken
                0x00000000080971e0                cmdline_isendofcommand
                0x0000000008097210                cmdline_parse
                0x0000000008097460                cmdline_complete
 *fill*         0x0000000008097b4f        0x1 90909090
 .text          0x0000000008097b50      0x445 /home/minh/dpdk16.07.2/i686-native-linuxapp-gcc/lib/librte_cmdline.a(cmdline_parse_etheraddr.o)
                0x0000000008097b50                cmdline_get_help_etheraddr
                0x0000000008097b80                cmdline_parse_etheraddr
 *fill*         0x0000000008097f95        0xb 90909090
 .text          0x0000000008097fa0      0x6df /home/minh/dpdk16.07.2/i686-native-linuxapp-gcc/lib/librte_cmdline.a(cmdline_parse_ipaddr.o)
                0x0000000008097fa0                cmdline_get_help_ipaddr
                0x0000000008098410                cmdline_parse_ipaddr
 *fill*         0x000000000809867f        0x1 90909090
 .text          0x0000000008098680      0x947 /home/minh/dpdk16.07.2/i686-native-linuxapp-gcc/lib/librte_cmdline.a(cmdline_parse_num.o)
                0x0000000008098680                cmdline_get_help_num
                0x00000000080986e0                cmdline_parse_num
 *fill*         0x0000000008098fc7        0x9 90909090
 .text          0x0000000008098fd0      0x3c5 /home/minh/dpdk16.07.2/i686-native-linuxapp-gcc/lib/librte_cmdline.a(cmdline_parse_string.o)
                0x0000000008098fd0                cmdline_get_help_string
                0x0000000008099080                cmdline_complete_get_elt_string
                0x0000000008099150                cmdline_complete_get_nb_string
                0x00000000080991b0                cmdline_parse_string
 *fill*         0x0000000008099395        0xb 90909090
 .text          0x00000000080993a0     0x1346 /home/minh/dpdk16.07.2/i686-native-linuxapp-gcc/lib/librte_cmdline.a(cmdline_rdline.o)
                0x0000000008099540                rdline_init
                0x0000000008099600                rdline_newline
                0x00000000080996f0                rdline_stop
                0x0000000008099700                rdline_quit
                0x0000000008099710                rdline_restart
                0x0000000008099720                rdline_reset
                0x00000000080997a0                rdline_get_buffer
                0x0000000008099820                rdline_redisplay
                0x00000000080998e0                rdline_get_history_item
                0x0000000008099a00                rdline_add_history
                0x0000000008099b00                rdline_char_in
                0x000000000809a6b0                rdline_clear_history
 *fill*         0x000000000809a6e6        0xa 90909090
 .text          0x000000000809a6f0      0x163 /home/minh/dpdk16.07.2/i686-native-linuxapp-gcc/lib/librte_cmdline.a(cmdline_vt100.o)
                0x000000000809a6f0                vt100_init
                0x000000000809a710                vt100_parser
 *fill*         0x000000000809a853        0xd 90909090
 .text          0x000000000809a860      0x268 /home/minh/dpdk16.07.2/i686-native-linuxapp-gcc/lib/librte_cmdline.a(cmdline_socket.o)
                0x000000000809a860                cmdline_file_new
                0x000000000809a8c0                cmdline_stdin_new
                0x000000000809aa90                cmdline_stdin_exit
 *fill*         0x000000000809aac8        0x8 90909090
 .text          0x000000000809aad0      0x2b5 /home/minh/dpdk16.07.2/i686-native-linuxapp-gcc/lib/librte_cmdline.a(cmdline_parse_portlist.o)
                0x000000000809aad0                cmdline_get_help_portlist
                0x000000000809ab00                cmdline_parse_portlist
 *fill*         0x000000000809ad85        0xb 90909090
 .text          0x000000000809ad90      0xb92 /home/minh/dpdk16.07.2/i686-native-linuxapp-gcc/lib/librte_cfgfile.a(rte_cfgfile.o)
                0x000000000809aea0                rte_cfgfile_load
                0x000000000809b390                rte_cfgfile_close
                0x000000000809b410                rte_cfgfile_num_sections
                0x000000000809b470                rte_cfgfile_sections
                0x000000000809b4e0                rte_cfgfile_has_section
                0x000000000809b540                rte_cfgfile_section_num_entries
                0x000000000809b5b0                rte_cfgfile_section_entries
                0x000000000809b6d0                rte_cfgfile_section_entries_by_index
                0x000000000809b7d0                rte_cfgfile_get_entry
                0x000000000809b880                rte_cfgfile_has_entry
 *fill*         0x000000000809b922        0xe 90909090
 .text          0x000000000809b930     0x19af /home/minh/dpdk16.07.2/i686-native-linuxapp-gcc/lib/librte_pmd_af_packet.a(rte_eth_af_packet.o)
 *fill*         0x000000000809d2df        0x1 90909090
 .text          0x000000000809d2e0     0x601a /home/minh/dpdk16.07.2/i686-native-linuxapp-gcc/lib/librte_pmd_ixgbe.a(ixgbe_common.o)
                0x000000000809d2e0                ixgbe_get_mac_addr_generic
                0x000000000809d320                ixgbe_led_on_generic
                0x000000000809d360                ixgbe_led_off_generic
                0x000000000809d390                ixgbe_calc_eeprom_checksum_generic
                0x000000000809d500                ixgbe_validate_eeprom_checksum_generic
                0x000000000809d5a0                ixgbe_update_eeprom_checksum_generic
                0x000000000809d600                ixgbe_set_rar_generic
                0x000000000809d6f0                ixgbe_clear_rar_generic
                0x000000000809d770                ixgbe_disable_mc_generic
                0x000000000809d790                ixgbe_fc_enable_generic
                0x000000000809dd60                prot_autoc_read_generic
                0x000000000809dd80                prot_autoc_write_generic
                0x000000000809dda0                ixgbe_blink_led_stop_generic
                0x000000000809de40                ixgbe_disable_rx_generic
                0x000000000809dea0                ixgbe_blink_led_start_generic
                0x000000000809e060                ixgbe_release_swfw_sync
                0x000000000809e360                ixgbe_enable_rx_dma_generic
                0x000000000809e390                ixgbe_clear_hw_cntrs_generic
                0x000000000809ec20                ixgbe_start_hw_generic
                0x000000000809ec70                ixgbe_init_hw_generic
                0x000000000809eca0                ixgbe_set_lan_id_multi_port_pcie
                0x000000000809ed20                ixgbe_init_eeprom_params_generic
                0x000000000809edb0                ixgbe_enable_mc_generic
                0x000000000809ede0                ixgbe_enable_rx_generic
                0x000000000809ee30                ixgbe_get_bus_info_generic
                0x000000000809ee70                ixgbe_update_uc_addr_list_generic
                0x000000000809efe0                ixgbe_init_rx_addrs_generic
                0x000000000809f170                ixgbe_read_eerd_buffer_generic
                0x000000000809f240                ixgbe_read_eerd_generic
                0x000000000809f310                ixgbe_stop_adapter_generic
                0x000000000809f7e0                ixgbe_acquire_swfw_sync
                0x000000000809f8c0                ixgbe_setup_fc_generic
                0x000000000809fb90                ixgbe_read_eeprom_buffer_bit_bang_generic
                0x000000000809fcb0                ixgbe_write_eeprom_buffer_bit_bang_generic
                0x000000000809ffc0                ixgbe_write_eeprom_generic
                0x00000000080a00a0                ixgbe_read_eeprom_bit_bang_generic
                0x00000000080a0180                ixgbe_init_ops_generic
                0x00000000080a0390                ixgbe_device_supports_autoneg_fc
                0x00000000080a0450                ixgbe_start_hw_gen2
                0x00000000080a0540                ixgbe_read_pba_string_generic
                0x00000000080a08d0                ixgbe_read_pba_num_generic
                0x00000000080a0960                ixgbe_write_pba_raw
                0x00000000080a0a70                ixgbe_get_pba_block_size
                0x00000000080a0b60                ixgbe_read_pba_raw
                0x00000000080a0ce0                ixgbe_set_pci_config_data_generic
                0x00000000080a0dd0                ixgbe_write_eewr_buffer_generic
                0x00000000080a0ec0                ixgbe_write_eewr_generic
                0x00000000080a0f70                ixgbe_poll_eerd_eewr_done
                0x00000000080a0fe0                ixgbe_validate_mac_addr
                0x00000000080a1040                ixgbe_add_uc_addr
                0x00000000080a10a0                ixgbe_set_mta
                0x00000000080a1170                ixgbe_update_mc_addr_list_generic
                0x00000000080a1290                ixgbe_negotiate_fc
                0x00000000080a1360                ixgbe_fc_autoneg
                0x00000000080a15a0                ixgbe_disable_pcie_master
                0x00000000080a1610                ixgbe_disable_sec_rx_path_generic
                0x00000000080a1660                ixgbe_enable_sec_rx_path_generic
                0x00000000080a1680                ixgbe_get_san_mac_addr_generic
                0x00000000080a17b0                ixgbe_set_san_mac_addr_generic
                0x00000000080a18c0                ixgbe_get_pcie_msix_count_generic
                0x00000000080a18d0                ixgbe_insert_mac_addr_generic
                0x00000000080a1a80                ixgbe_clear_vmdq_generic
                0x00000000080a1b60                ixgbe_set_vmdq_generic
                0x00000000080a1bc0                ixgbe_set_vmdq_san_mac_generic
                0x00000000080a1c40                ixgbe_init_uta_tables_generic
                0x00000000080a1c70                ixgbe_find_vlvf_slot
                0x00000000080a1ce0                ixgbe_set_vlvf_generic
                0x00000000080a1e80                ixgbe_set_vfta_generic
                0x00000000080a1f40                ixgbe_clear_vfta_generic
                0x00000000080a1fb0                ixgbe_check_mac_link_generic
                0x00000000080a20f0                ixgbe_get_wwn_prefix_generic
                0x00000000080a21c0                ixgbe_get_fcoe_boot_status_generic
                0x00000000080a2270                ixgbe_set_mac_anti_spoofing
                0x00000000080a22d0                ixgbe_set_vlan_anti_spoofing
                0x00000000080a2330                ixgbe_get_device_caps_generic
                0x00000000080a2360                ixgbe_enable_relaxed_ordering_gen2
                0x00000000080a2420                ixgbe_calculate_checksum
                0x00000000080a24f0                ixgbe_hic_unlocked
                0x00000000080a25e0                ixgbe_host_interface_command
                0x00000000080a26d0                ixgbe_set_fw_drv_ver_generic
                0x00000000080a2880                ixgbe_set_rxpba_generic
                0x00000000080a2a10                ixgbe_clear_tx_pending
                0x00000000080a2aa0                ixgbe_get_thermal_sensor_data_generic
                0x00000000080a2c00                ixgbe_init_thermal_sensor_thresh_generic
                0x00000000080a2da0                ixgbe_dcb_get_rtrup2tc_generic
                0x00000000080a2e10                ixgbe_mng_present
                0x00000000080a2e40                ixgbe_mng_enabled
                0x00000000080a2eb0                ixgbe_setup_mac_link_multispeed_fiber
                0x00000000080a3200                ixgbe_set_soft_rate_select_speed
 *fill*         0x00000000080a32fa        0x6 90909090
 .text          0x00000000080a3300     0x185a /home/minh/dpdk16.07.2/i686-native-linuxapp-gcc/lib/librte_pmd_ixgbe.a(ixgbe_82598.o)
                0x00000000080a33e0                ixgbe_set_vmdq_82598
                0x00000000080a34b0                ixgbe_set_vfta_82598
                0x00000000080a35e0                ixgbe_get_supported_physical_layer_82598
                0x00000000080a37a0                ixgbe_enable_relaxed_ordering_82598
                0x00000000080a3810                ixgbe_enable_rx_dma_82598
                0x00000000080a3830                ixgbe_set_lan_id_multi_port_pcie_82598
                0x00000000080a3a00                ixgbe_read_i2c_eeprom_82598
                0x00000000080a3a40                ixgbe_write_analog_reg8_82598
                0x00000000080a3a80                ixgbe_read_analog_reg8_82598
                0x00000000080a4020                ixgbe_fc_enable_82598
                0x00000000080a47c0                ixgbe_init_phy_ops_82598
                0x00000000080a4890                ixgbe_start_hw_82598
                0x00000000080a49e0                ixgbe_set_pcie_completion_timeout
                0x00000000080a4a10                ixgbe_init_ops_82598
 *fill*         0x00000000080a4b5a        0x6 90909090
 .text          0x00000000080a4b60     0x3874 /home/minh/dpdk16.07.2/i686-native-linuxapp-gcc/lib/librte_pmd_ixgbe.a(ixgbe_82599.o)
                0x00000000080a4b60                ixgbe_set_hard_rate_select_speed
                0x00000000080a4ba0                ixgbe_write_analog_reg8_82599
                0x00000000080a4be0                ixgbe_read_analog_reg8_82599
                0x00000000080a4c20                ixgbe_enable_tx_laser_multispeed_fiber
                0x00000000080a4c40                ixgbe_enable_rx_dma_82599
                0x00000000080a4c80                ixgbe_get_supported_physical_layer_82599
                0x00000000080a4e00                ixgbe_identify_phy_82599
                0x00000000080a4e70                ixgbe_reset_hw_82599
                0x00000000080a5240                ixgbe_setup_mac_link_82599
                0x00000000080a5480                ixgbe_setup_mac_link_smartspeed
                0x00000000080a5a40                ixgbe_disable_tx_laser_multispeed_fiber
                0x00000000080a5b50                ixgbe_get_link_capabilities_82599
                0x00000000080a5d40                ixgbe_get_media_type_82599
                0x00000000080a5e30                ixgbe_start_hw_82599
                0x00000000080a6080                ixgbe_flap_tx_laser_multispeed_fiber
                0x00000000080a6120                ixgbe_stop_mac_link_on_d3_82599
                0x00000000080a6190                ixgbe_reinit_fdir_tables_82599
                0x00000000080a6450                ixgbe_init_fdir_signature_82599
                0x00000000080a6590                ixgbe_init_fdir_perfect_82599
                0x00000000080a66e0                ixgbe_set_fdir_drop_queue_82599
                0x00000000080a6870                ixgbe_atr_compute_sig_hash_82599
                0x00000000080a6940                ixgbe_fdir_add_signature_filter_82599
                0x00000000080a69d0                ixgbe_atr_compute_perfect_hash_82599
                0x00000000080a6b10                ixgbe_fdir_set_input_mask_82599
                0x00000000080a6eb0                ixgbe_fdir_write_perfect_filter_82599
                0x00000000080a72b0                ixgbe_fdir_erase_perfect_filter_82599
                0x00000000080a7420                ixgbe_fdir_add_perfect_filter_82599
                0x00000000080a7520                ixgbe_verify_lesm_fw_enabled_82599
                0x00000000080a75d0                prot_autoc_read_82599
                0x00000000080a7640                ixgbe_init_mac_link_ops_82599
                0x00000000080a7710                ixgbe_start_mac_link_82599
                0x00000000080a79a0                prot_autoc_write_82599
                0x00000000080a7bc0                ixgbe_init_ops_82599
                0x00000000080a7e80                ixgbe_setup_sfp_modules_82599
                0x00000000080a80a0                ixgbe_init_phy_ops_82599
                0x00000000080a8250                ixgbe_reset_pipeline_82599
 *fill*         0x00000000080a83d4        0xc 90909090
 .text          0x00000000080a83e0     0x10ab /home/minh/dpdk16.07.2/i686-native-linuxapp-gcc/lib/librte_pmd_ixgbe.a(ixgbe_x540.o)
                0x00000000080a83e0                ixgbe_get_media_type_X540
                0x00000000080a83f0                ixgbe_setup_mac_link_X540
                0x00000000080a8400                ixgbe_get_supported_physical_layer_X540
                0x00000000080a8460                ixgbe_blink_led_start_X540
                0x00000000080a84e0                ixgbe_blink_led_stop_X540
                0x00000000080a8540                ixgbe_write_eewr_X540
                0x00000000080a85c0                ixgbe_validate_eeprom_checksum_X540
                0x00000000080a8680                ixgbe_calc_eeprom_checksum_X540
                0x00000000080a8830                ixgbe_read_eerd_X540
                0x00000000080a88a0                ixgbe_write_eewr_buffer_X540
                0x00000000080a8920                ixgbe_read_eerd_buffer_X540
                0x00000000080a89a0                ixgbe_start_hw_X540
                0x00000000080a89d0                ixgbe_reset_hw_X540
                0x00000000080a8bf0                ixgbe_init_eeprom_params_X540
                0x00000000080a8c70                ixgbe_release_swfw_sync_X540
                0x00000000080a8d50                ixgbe_init_swfw_sync_X540
                0x00000000080a8e10                ixgbe_acquire_swfw_sync_X540
                0x00000000080a9060                ixgbe_init_ops_X540
                0x00000000080a92a0                ixgbe_get_link_capabilities_X540
                0x00000000080a92d0                ixgbe_update_flash_X540
                0x00000000080a93f0                ixgbe_update_eeprom_checksum_X540
 *fill*         0x00000000080a948b        0x5 90909090
 .text          0x00000000080a9490     0x5a0b /home/minh/dpdk16.07.2/i686-native-linuxapp-gcc/lib/librte_pmd_ixgbe.a(ixgbe_x550.o)
                0x00000000080a94b0                ixgbe_dmac_config_tcs_X550
                0x00000000080a96f0                ixgbe_dmac_update_tcs_X550
                0x00000000080a9730                ixgbe_setup_eee_X550
                0x00000000080a99c0                ixgbe_set_ethertype_anti_spoofing_X550
                0x00000000080a9a10                ixgbe_disable_mdd_X550
                0x00000000080a9a40                ixgbe_enable_mdd_X550
                0x00000000080a9a70                ixgbe_restore_mdd_vf_X550
                0x00000000080a9ac0                ixgbe_mdd_event_X550
                0x00000000080a9b80                ixgbe_get_media_type_X550em
                0x00000000080a9de0                ixgbe_get_bus_info_X550em
                0x00000000080a9e10                ixgbe_setup_fc_X550em
                0x00000000080a9fa0                ixgbe_setup_fc_x550a
                0x00000000080aa140                ixgbe_read_phy_reg_x550a
                0x00000000080aa1c0                ixgbe_led_off_t_X550em
                0x00000000080aa230                ixgbe_led_on_t_X550em
                0x00000000080aa410                ixgbe_reset_phy_t_X550em
                0x00000000080aa5b0                ixgbe_handle_lasi_ext_t_x550em
                0x00000000080aa5f0                ixgbe_write_phy_reg_x550a
                0x00000000080aa670                ixgbe_release_swfw_sync_X550em
                0x00000000080aa6b0                ixgbe_fc_autoneg_x550a
                0x00000000080aa810                ixgbe_get_supported_physical_layer_X550em
                0x00000000080aa8c0                ixgbe_read_ee_hostif_buffer_X550
                0x00000000080aaa20                ixgbe_read_ee_hostif_X550
                0x00000000080aaac0                ixgbe_validate_eeprom_checksum_X550
                0x00000000080aad70                ixgbe_dmac_config_X550
                0x00000000080aae00                ixgbe_init_eeprom_params_X550
                0x00000000080aae50                ixgbe_set_source_address_pruning_X550
                0x00000000080aaec0                ixgbe_get_link_capabilities_X550em
                0x00000000080aaf50                ixgbe_setup_kr_x550em
                0x00000000080aaf70                ixgbe_check_link_t_X550em
                0x00000000080ab030                ixgbe_acquire_swfw_sync_X550em
                0x00000000080ab080                ixgbe_disable_rx_x550
                0x00000000080ab130                ixgbe_identify_sfp_module_X550em
                0x00000000080ab360                ixgbe_calc_eeprom_checksum_X550
                0x00000000080ab550                ixgbe_write_ee_hostif_buffer_X550
                0x00000000080ab620                ixgbe_write_ee_hostif_X550
                0x00000000080ab6d0                ixgbe_init_phy_ops_X550em
                0x00000000080ab960                ixgbe_setup_sfp_modules_X550em
                0x00000000080abb10                ixgbe_update_eeprom_checksum_X550
                0x00000000080abbb0                ixgbe_enter_lplu_t_x550em
                0x00000000080abe90                ixgbe_write_iosf_sb_reg_x550
                0x00000000080ac0d0                ixgbe_read_iosf_sb_reg_x550
                0x00000000080ac590                ixgbe_setup_mac_link_t_X550em
                0x00000000080ac5f0                ixgbe_setup_internal_phy_t_x550em
                0x00000000080ac750                ixgbe_setup_mac_link_sfp_x550a
                0x00000000080ac940                ixgbe_setup_mac_link_sfp_x550em
                0x00000000080acaf0                ixgbe_reset_hw_X550em
                0x00000000080ae0b0                ixgbe_init_ops_X550
                0x00000000080ae1d0                ixgbe_init_ops_X550EM
                0x00000000080ae520                ixgbe_get_phy_token
                0x00000000080ae5a0                ixgbe_put_phy_token
                0x00000000080ae620                ixgbe_write_iosf_sb_reg_x550a
                0x00000000080ae6a0                ixgbe_read_iosf_sb_reg_x550a
                0x00000000080ae730                ixgbe_init_mac_link_ops_X550em
                0x00000000080ae800                ixgbe_init_ext_t_x550em
                0x00000000080ae8b0                ixgbe_setup_phy_loopback_x550em
                0x00000000080aeaa0                ixgbe_write_ee_hostif_data_X550
                0x00000000080aeb10                ixgbe_calc_checksum_X550
                0x00000000080aedb0                ixgbe_update_flash_X550
                0x00000000080aee00                ixgbe_get_lcd_t_x550em
 *fill*         0x00000000080aee9b        0x5 90909090
 .text          0x00000000080aeea0     0x4a4d /home/minh/dpdk16.07.2/i686-native-linuxapp-gcc/lib/librte_pmd_ixgbe.a(ixgbe_phy.o)
                0x00000000080aeea0                ixgbe_read_phy_reg_generic
                0x00000000080aefb0                ixgbe_get_phy_firmware_version_generic
                0x00000000080aefe0                ixgbe_read_i2c_eeprom_generic
                0x00000000080af040                ixgbe_write_i2c_eeprom_generic
                0x00000000080af070                ixgbe_tn_check_overtemp
                0x00000000080af0d0                ixgbe_write_phy_reg_mdi
                0x00000000080af190                ixgbe_write_phy_reg_generic
                0x00000000080af210                ixgbe_read_phy_reg_mdi
                0x00000000080af2e0                ixgbe_setup_phy_link_speed_generic
                0x00000000080af750                ixgbe_setup_phy_link_generic
                0x00000000080afae0                ixgbe_i2c_bus_clear
                0x00000000080b0330                ixgbe_identify_phy_generic
                0x00000000080b0570                ixgbe_reset_phy_generic
                0x00000000080b0a70                ixgbe_write_i2c_byte_generic_unlocked
                0x00000000080b0aa0                ixgbe_write_i2c_byte_generic
                0x00000000080b10e0                ixgbe_read_i2c_byte_generic_unlocked
                0x00000000080b1110                ixgbe_read_i2c_byte_generic
                0x00000000080b1140                ixgbe_read_i2c_combined_generic_int
                0x00000000080b1be0                ixgbe_write_i2c_combined_generic_int
                0x00000000080b2270                ixgbe_init_phy_ops_generic
                0x00000000080b2350                ixgbe_check_reset_blocked
                0x00000000080b2370                ixgbe_validate_phy_addr
                0x00000000080b23c0                ixgbe_get_phy_id
                0x00000000080b2450                ixgbe_get_phy_type_from_id
                0x00000000080b24d0                ixgbe_get_copper_link_capabilities_generic
                0x00000000080b2510                ixgbe_check_phy_link_tnx
                0x00000000080b27b0                ixgbe_setup_phy_link_tnx
                0x00000000080b29b0                ixgbe_get_phy_firmware_version_tnx
                0x00000000080b29e0                ixgbe_identify_sfp_module_generic
                0x00000000080b2ee0                ixgbe_get_supported_phy_sfp_layer_generic
                0x00000000080b2ff0                ixgbe_identify_qsfp_module_generic
                0x00000000080b33d0                ixgbe_identify_module_generic
                0x00000000080b3420                ixgbe_get_sfp_init_sequence_offsets
                0x00000000080b35e0                ixgbe_reset_phy_nl
                0x00000000080b3840                ixgbe_set_copper_phy_power
 *fill*         0x00000000080b38ed        0x3 90909090
 .text          0x00000000080b38f0     0x1612 /home/minh/dpdk16.07.2/i686-native-linuxapp-gcc/lib/librte_pmd_ixgbe.a(ixgbe_api.o)
                0x00000000080b38f0                ixgbe_dcb_get_rtrup2tc
                0x00000000080b3910                ixgbe_set_mac_type
                0x00000000080b3c50                ixgbe_init_shared_code
                0x00000000080b3cf0                ixgbe_init_hw
                0x00000000080b3d10                ixgbe_reset_hw
                0x00000000080b3d30                ixgbe_start_hw
                0x00000000080b3d50                ixgbe_enable_relaxed_ordering
                0x00000000080b3d70                ixgbe_clear_hw_cntrs
                0x00000000080b3d90                ixgbe_get_media_type
                0x00000000080b3db0                ixgbe_get_mac_addr
                0x00000000080b3dd0                ixgbe_get_san_mac_addr
                0x00000000080b3df0                ixgbe_set_san_mac_addr
                0x00000000080b3e10                ixgbe_get_device_caps
                0x00000000080b3e30                ixgbe_get_wwn_prefix
                0x00000000080b3e50                ixgbe_get_fcoe_boot_status
                0x00000000080b3e70                ixgbe_get_bus_info
                0x00000000080b3e90                ixgbe_get_num_of_tx_queues
                0x00000000080b3ea0                ixgbe_get_num_of_rx_queues
                0x00000000080b3eb0                ixgbe_stop_adapter
                0x00000000080b3ed0                ixgbe_read_pba_string
                0x00000000080b3ee0                ixgbe_read_pba_num
                0x00000000080b3ef0                ixgbe_identify_phy
                0x00000000080b3f20                ixgbe_reset_phy
                0x00000000080b3f80                ixgbe_get_phy_firmware_version
                0x00000000080b3fa0                ixgbe_read_phy_reg
                0x00000000080b4040                ixgbe_write_phy_reg
                0x00000000080b40e0                ixgbe_setup_phy_link
                0x00000000080b4100                ixgbe_setup_internal_phy
                0x00000000080b4120                ixgbe_check_phy_link
                0x00000000080b4140                ixgbe_setup_phy_link_speed
                0x00000000080b4160                ixgbe_set_phy_power
                0x00000000080b4180                ixgbe_check_link
                0x00000000080b41c0                ixgbe_disable_tx_laser
                0x00000000080b41e0                ixgbe_enable_tx_laser
                0x00000000080b4200                ixgbe_flap_tx_laser
                0x00000000080b4220                ixgbe_setup_link
                0x00000000080b4240                ixgbe_setup_mac_link
                0x00000000080b4260                ixgbe_get_link_capabilities
                0x00000000080b4280                ixgbe_led_on
                0x00000000080b42a0                ixgbe_led_off
                0x00000000080b42c0                ixgbe_blink_led_start
                0x00000000080b42e0                ixgbe_blink_led_stop
                0x00000000080b4300                ixgbe_init_eeprom_params
                0x00000000080b4320                ixgbe_write_eeprom
                0x00000000080b4360                ixgbe_write_eeprom_buffer
                0x00000000080b43b0                ixgbe_read_eeprom
                0x00000000080b43e0                ixgbe_read_eeprom_buffer