Archive member included because of file (symbol)

/home/minh/dpdk16.07.2/i686-native-linuxapp-gcc/lib/librte_acl.a(tb_mem.o)
                              (--whole-archive)
/home/minh/dpdk16.07.2/i686-native-linuxapp-gcc/lib/librte_acl.a(rte_acl.o)
                              (--whole-archive)
/home/minh/dpdk16.07.2/i686-native-linuxapp-gcc/lib/librte_acl.a(acl_bld.o)
                              (--whole-archive)
/home/minh/dpdk16.07.2/i686-native-linuxapp-gcc/lib/librte_acl.a(acl_gen.o)
                              (--whole-archive)
/home/minh/dpdk16.07.2/i686-native-linuxapp-gcc/lib/librte_acl.a(acl_run_scalar.o)
                              (--whole-archive)
/home/minh/dpdk16.07.2/i686-native-linuxapp-gcc/lib/librte_acl.a(acl_run_sse.o)
                              (--whole-archive)
/home/minh/dpdk16.07.2/i686-native-linuxapp-gcc/lib/librte_timer.a(rte_timer.o)
                              (--whole-archive)
/home/minh/dpdk16.07.2/i686-native-linuxapp-gcc/lib/librte_hash.a(rte_cuckoo_hash.o)
                              (--whole-archive)
/home/minh/dpdk16.07.2/i686-native-linuxapp-gcc/lib/librte_hash.a(rte_fbk_hash.o)
                              (--whole-archive)
/home/minh/dpdk16.07.2/i686-native-linuxapp-gcc/lib/librte_kvargs.a(rte_kvargs.o)
                              (--whole-archive)
/home/minh/dpdk16.07.2/i686-native-linuxapp-gcc/lib/librte_mbuf.a(rte_mbuf.o)
                              (--whole-archive)
/home/minh/dpdk16.07.2/i686-native-linuxapp-gcc/lib/libethdev.a(rte_ethdev.o)
                              (--whole-archive)
/home/minh/dpdk16.07.2/i686-native-linuxapp-gcc/lib/librte_mempool.a(rte_mempool.o)
                              (--whole-archive)
/home/minh/dpdk16.07.2/i686-native-linuxapp-gcc/lib/librte_mempool.a(rte_mempool_ops.o)
                              (--whole-archive)
/home/minh/dpdk16.07.2/i686-native-linuxapp-gcc/lib/librte_mempool.a(rte_mempool_ring.o)
                              (--whole-archive)
/home/minh/dpdk16.07.2/i686-native-linuxapp-gcc/lib/librte_mempool.a(rte_mempool_stack.o)
                              (--whole-archive)
/home/minh/dpdk16.07.2/i686-native-linuxapp-gcc/lib/librte_ring.a(rte_ring.o)
                              (--whole-archive)
/home/minh/dpdk16.07.2/i686-native-linuxapp-gcc/lib/librte_eal.a(eal.o)
                              (--whole-archive)
/home/minh/dpdk16.07.2/i686-native-linuxapp-gcc/lib/librte_eal.a(eal_hugepage_info.o)
                              (--whole-archive)
/home/minh/dpdk16.07.2/i686-native-linuxapp-gcc/lib/librte_eal.a(eal_memory.o)
                              (--whole-archive)
/home/minh/dpdk16.07.2/i686-native-linuxapp-gcc/lib/librte_eal.a(eal_thread.o)
                              (--whole-archive)
/home/minh/dpdk16.07.2/i686-native-linuxapp-gcc/lib/librte_eal.a(eal_log.o)
                              (--whole-archive)
/home/minh/dpdk16.07.2/i686-native-linuxapp-gcc/lib/librte_eal.a(eal_vfio.o)
                              (--whole-archive)
/home/minh/dpdk16.07.2/i686-native-linuxapp-gcc/lib/librte_eal.a(eal_vfio_mp_sync.o)
                              (--whole-archive)
/home/minh/dpdk16.07.2/i686-native-linuxapp-gcc/lib/librte_eal.a(eal_pci.o)
                              (--whole-archive)
/home/minh/dpdk16.07.2/i686-native-linuxapp-gcc/lib/librte_eal.a(eal_pci_uio.o)
                              (--whole-archive)
/home/minh/dpdk16.07.2/i686-native-linuxapp-gcc/lib/librte_eal.a(eal_pci_vfio.o)
                              (--whole-archive)
/home/minh/dpdk16.07.2/i686-native-linuxapp-gcc/lib/librte_eal.a(eal_debug.o)
                              (--whole-archive)
/home/minh/dpdk16.07.2/i686-native-linuxapp-gcc/lib/librte_eal.a(eal_lcore.o)
                              (--whole-archive)
/home/minh/dpdk16.07.2/i686-native-linuxapp-gcc/lib/librte_eal.a(eal_timer.o)
                              (--whole-archive)
/home/minh/dpdk16.07.2/i686-native-linuxapp-gcc/lib/librte_eal.a(eal_interrupts.o)
                              (--whole-archive)
/home/minh/dpdk16.07.2/i686-native-linuxapp-gcc/lib/librte_eal.a(eal_alarm.o)
                              (--whole-archive)
/home/minh/dpdk16.07.2/i686-native-linuxapp-gcc/lib/librte_eal.a(eal_common_lcore.o)
                              (--whole-archive)
/home/minh/dpdk16.07.2/i686-native-linuxapp-gcc/lib/librte_eal.a(eal_common_timer.o)
                              (--whole-archive)
/home/minh/dpdk16.07.2/i686-native-linuxapp-gcc/lib/librte_eal.a(eal_common_memzone.o)
                              (--whole-archive)
/home/minh/dpdk16.07.2/i686-native-linuxapp-gcc/lib/librte_eal.a(eal_common_log.o)
                              (--whole-archive)
/home/minh/dpdk16.07.2/i686-native-linuxapp-gcc/lib/librte_eal.a(eal_common_launch.o)
                              (--whole-archive)
/home/minh/dpdk16.07.2/i686-native-linuxapp-gcc/lib/librte_eal.a(eal_common_pci.o)
                              (--whole-archive)
[...]
Memory Configuration

Name             Origin             Length             Attributes
*default*        0x0000000000000000 0xffffffffffffffff

Linker script and memory map

LOAD /usr/lib/gcc/i686-linux-gnu/4.6/../../../i386-linux-gnu/crt1.o
LOAD /usr/lib/gcc/i686-linux-gnu/4.6/../../../i386-linux-gnu/crti.o
LOAD /usr/lib/gcc/i686-linux-gnu/4.6/crtbegin.o
LOAD basicfwd.o
LOAD hypervisor.o
LOAD /home/minh/dpdk16.07.2/i686-native-linuxapp-gcc/lib/librte_pipeline.a
LOAD /home/minh/dpdk16.07.2/i686-native-linuxapp-gcc/lib/librte_table.a
LOAD /home/minh/dpdk16.07.2/i686-native-linuxapp-gcc/lib/librte_port.a
LOAD /home/minh/dpdk16.07.2/i686-native-linuxapp-gcc/lib/librte_distributor.a
LOAD /home/minh/dpdk16.07.2/i686-native-linuxapp-gcc/lib/librte_reorder.a
LOAD /home/minh/dpdk16.07.2/i686-native-linuxapp-gcc/lib/librte_ip_frag.a
LOAD /home/minh/dpdk16.07.2/i686-native-linuxapp-gcc/lib/librte_meter.a
LOAD /home/minh/dpdk16.07.2/i686-native-linuxapp-gcc/lib/librte_sched.a
LOAD /home/minh/dpdk16.07.2/i686-native-linuxapp-gcc/lib/librte_lpm.a
LOAD /home/minh/dpdk16.07.2/i686-native-linuxapp-gcc/lib/librte_acl.a
LOAD /home/minh/dpdk16.07.2/i686-native-linuxapp-gcc/lib/librte_jobstats.a
LOAD /home/minh/dpdk16.07.2/i686-native-linuxapp-gcc/lib/librte_timer.a
LOAD /home/minh/dpdk16.07.2/i686-native-linuxapp-gcc/lib/librte_hash.a
LOAD /home/minh/dpdk16.07.2/i686-native-linuxapp-gcc/lib/librte_kvargs.a
LOAD /home/minh/dpdk16.07.2/i686-native-linuxapp-gcc/lib/librte_mbuf.a
LOAD /home/minh/dpdk16.07.2/i686-native-linuxapp-gcc/lib/libethdev.a
LOAD /home/minh/dpdk16.07.2/i686-native-linuxapp-gcc/lib/librte_mempool.a
LOAD /home/minh/dpdk16.07.2/i686-native-linuxapp-gcc/lib/librte_ring.a
LOAD /home/minh/dpdk16.07.2/i686-native-linuxapp-gcc/lib/librte_eal.a
LOAD /home/minh/dpdk16.07.2/i686-native-linuxapp-gcc/lib/librte_cmdline.a
LOAD /home/minh/dpdk16.07.2/i686-native-linuxapp-gcc/lib/librte_cfgfile.a
LOAD /home/minh/dpdk16.07.2/i686-native-linuxapp-gcc/lib/librte_pmd_af_packet.a
LOAD /home/minh/dpdk16.07.2/i686-native-linuxapp-gcc/lib/librte_pmd_ixgbe.a
LOAD /home/minh/dpdk16.07.2/i686-native-linuxapp-gcc/lib/librte_pmd_null.a
LOAD /home/minh/dpdk16.07.2/i686-native-linuxapp-gcc/lib/librte_pmd_ring.a
LOAD /usr/lib/gcc/i686-linux-gnu/4.6/../../../i386-linux-gnu/librt.so
LOAD /usr/lib/gcc/i686-linux-gnu/4.6/../../../i386-linux-gnu/libm.so
LOAD /usr/lib/gcc/i686-linux-gnu/4.6/../../../i386-linux-gnu/libdl.so
LOAD /usr/lib/gcc/i686-linux-gnu/4.6/libgcc.a
LOAD /usr/lib/gcc/i686-linux-gnu/4.6/libgcc_s.so
LOAD /usr/lib/gcc/i686-linux-gnu/4.6/../../../i386-linux-gnu/libpthread.so
START GROUP
LOAD /lib/i386-linux-gnu/libpthread.so.0
LOAD /usr/lib/i386-linux-gnu/libpthread_nonshared.a
END GROUP
LOAD /usr/lib/gcc/i686-linux-gnu/4.6/../../../i386-linux-gnu/libc.so
START GROUP
LOAD /lib/i386-linux-gnu/libc.so.6
LOAD /usr/lib/i386-linux-gnu/libc_nonshared.a
LOAD /lib/i386-linux-gnu/ld-linux.so.2
END GROUP
LOAD /usr/lib/gcc/i686-linux-gnu/4.6/libgcc.a
LOAD /usr/lib/gcc/i686-linux-gnu/4.6/libgcc_s.so
LOAD /usr/lib/gcc/i686-linux-gnu/4.6/crtend.o
LOAD /usr/lib/gcc/i686-linux-gnu/4.6/../../../i386-linux-gnu/crtn.o
                0x0000000008048000                PROVIDE (__executable_start, 0x8048000)
                0x0000000008048174                . = (0x8048000 + SIZEOF_HEADERS)

.interp         0x0000000008048174       0x13
 *(.interp)
 .interp        0x0000000008048174       0x13 /usr/lib/gcc/i686-linux-gnu/4.6/../../../i386-linux-gnu/crt1.o

.note.ABI-tag   0x0000000008048188       0x20
 .note.ABI-tag  0x0000000008048188       0x20 /usr/lib/gcc/i686-linux-gnu/4.6/../../../i386-linux-gnu/crt1.o

.note.gnu.build-id
                0x00000000080481a8       0x24
 *(.note.gnu.build-id)
 .note.gnu.build-id
                0x00000000080481a8       0x24 /usr/lib/gcc/i686-linux-gnu/4.6/../../../i386-linux-gnu/crt1.o

.hash
 *(.hash)

.gnu.hash       0x00000000080481cc     0x1c10
 *(.gnu.hash)
 .gnu.hash      0x00000000080481cc     0x1c10 /usr/lib/gcc/i686-linux-gnu/4.6/../../../i386-linux-gnu/crt1.o

.dynsym         0x0000000008049ddc     0x4810
 *(.dynsym)
 .dynsym        0x0000000008049ddc     0x4810 /usr/lib/gcc/i686-linux-gnu/4.6/../../../i386-linux-gnu/crt1.o

.dynstr         0x000000000804e5ec     0x6192
 *(.dynstr)
 .dynstr        0x000000000804e5ec     0x6192 /usr/lib/gcc/i686-linux-gnu/4.6/../../../i386-linux-gnu/crt1.o

.gnu.version    0x000000000805477e      0x902
 *(.gnu.version)
 .gnu.version   0x000000000805477e      0x902 /usr/lib/gcc/i686-linux-gnu/4.6/../../../i386-linux-gnu/crt1.o

.gnu.version_d  0x0000000008055080        0x0
 *(.gnu.version_d)
 .gnu.version_d
                0x0000000000000000        0x0 /usr/lib/gcc/i686-linux-gnu/4.6/../../../i386-linux-gnu/crt1.o

.gnu.version_r  0x0000000008055080      0x170
 *(.gnu.version_r)
 .gnu.version_r
                0x0000000008055080      0x170 /usr/lib/gcc/i686-linux-gnu/4.6/../../../i386-linux-gnu/crt1.o

.rel.dyn        0x00000000080551f0       0x58
 *(.rel.init)
 *(.rel.text .rel.text.* .rel.gnu.linkonce.t.*)
 .rel.text      0x0000000000000000        0x0 /usr/lib/gcc/i686-linux-gnu/4.6/../../../i386-linux-gnu/crt1.o
 .rel.text.startup
                0x0000000000000000        0x0 /usr/lib/gcc/i686-linux-gnu/4.6/../../../i386-linux-gnu/crt1.o
 .rel.text.unlikely
                0x0000000000000000        0x0 /usr/lib/gcc/i686-linux-gnu/4.6/../../../i386-linux-gnu/crt1.o
 *(.rel.fini)
 *(.rel.rodata .rel.rodata.* .rel.gnu.linkonce.r.*)
 .rel.rodata    0x0000000000000000        0x0 /usr/lib/gcc/i686-linux-gnu/4.6/../../../i386-linux-gnu/crt1.o
 *(.rel.data.rel.ro* .rel.gnu.linkonce.d.rel.ro.*)
 *(.rel.data .rel.data.* .rel.gnu.linkonce.d.*)
 *(.rel.tdata .rel.tdata.* .rel.gnu.linkonce.td.*)
 *(.rel.tbss .rel.tbss.* .rel.gnu.linkonce.tb.*)
 *(.rel.ctors)
 *(.rel.dtors)
 *(.rel.got)
 .rel.got       0x00000000080551f0       0x28 /usr/lib/gcc/i686-linux-gnu/4.6/../../../i386-linux-gnu/crt1.o
 *(.rel.bss .rel.bss.* .rel.gnu.linkonce.b.*)
 .rel.bss       0x0000000008055218       0x30 /usr/lib/gcc/i686-linux-gnu/4.6/../../../i386-linux-gnu/crt1.o
 *(.rel.ifunc)

.rel.plt        0x0000000008055248      0x448
 *(.rel.plt)
 .rel.plt       0x0000000008055248      0x448 /usr/lib/gcc/i686-linux-gnu/4.6/../../../i386-linux-gnu/crt1.o
                0x0000000008055690                PROVIDE (__rel_iplt_start, .)
 *(.rel.iplt)
 .rel.iplt      0x0000000000000000        0x0 /usr/lib/gcc/i686-linux-gnu/4.6/../../../i386-linux-gnu/crt1.o
                0x0000000008055690                PROVIDE (__rel_iplt_end, .)

.init           0x0000000008055690       0x2e
 *(.init)
 .init          0x0000000008055690       0x1f /usr/lib/gcc/i686-linux-gnu/4.6/../../../i386-linux-gnu/crti.o
                0x0000000008055690                _init
 .init          0x00000000080556af        0x5 /usr/lib/gcc/i686-linux-gnu/4.6/crtbegin.o
 .init          0x00000000080556b4        0x5 /usr/lib/gcc/i686-linux-gnu/4.6/crtend.o
 .init          0x00000000080556b9        0x5 /usr/lib/gcc/i686-linux-gnu/4.6/../../../i386-linux-gnu/crtn.o

.plt            0x00000000080556c0      0x8a0
 *(.plt)
 .plt           0x00000000080556c0      0x8a0 /usr/lib/gcc/i686-linux-gnu/4.6/../../../i386-linux-gnu/crt1.o
                0x00000000080556d0                setsockopt@@GLIBC_2.0
                0x00000000080556e0                setbuf@@GLIBC_2.0
                0x00000000080556f0                __snprintf_chk@@GLIBC_2.3.4
                0x0000000008055700                strstr@@GLIBC_2.0
                0x0000000008055710                lrand48@@GLIBC_2.0
                0x0000000008055720                strcmp@@GLIBC_2.0
                0x0000000008055730                __vfprintf_chk@@GLIBC_2.3.4
                0x0000000008055740                read@@GLIBC_2.0
                0x0000000008055750                printf@@GLIBC_2.0
                0x0000000008055760                fflush@@GLIBC_2.0
                0x0000000008055770                __read_chk@@GLIBC_2.4
                0x0000000008055780                unlinkat@@GLIBC_2.4
                0x0000000008055790                dirfd@@GLIBC_2.0
                0x00000000080557a0                memmove@@GLIBC_2.0
                0x00000000080557b0                free@@GLIBC_2.0
                0x00000000080557c0                __xpg_strerror_r@@GLIBC_2.3.4
                0x00000000080557d0                memcpy@@GLIBC_2.0
                0x00000000080557e0                pthread_self@@GLIBC_2.0
                0x00000000080557f0                fgets@@GLIBC_2.0
                0x0000000008055800                fclose@@GLIBC_2.1
                0x0000000008055810                memcmp@@GLIBC_2.0
                0x0000000008055820                sleep@@GLIBC_2.0
                0x0000000008055830                pread@@GLIBC_2.2
                0x0000000008055840                openat@@GLIBC_2.4
                0x0000000008055850                __stack_chk_fail@@GLIBC_2.4
                0x0000000008055860                sysconf@@GLIBC_2.0
                0x0000000008055870                getuid@@GLIBC_2.0
                0x0000000008055880                pthread_setaffinity_np@@GLIBC_2.3.4
                0x0000000008055890                dlerror@@GLIBC_2.0
                0x00000000080558a0                unlink@@GLIBC_2.0
                0x00000000080558b0                __strndup@@GLIBC_2.2
                0x00000000080558c0                readlink@@GLIBC_2.0
                0x00000000080558d0                fnmatch@@GLIBC_2.2.3
                0x00000000080558e0                index@@GLIBC_2.0
                0x00000000080558f0                ioctl@@GLIBC_2.0
                0x0000000008055900                fopen64@@GLIBC_2.1
                0x0000000008055910                __xstat@@GLIBC_2.0
                0x0000000008055920                poll@@GLIBC_2.0
                0x0000000008055930                fwrite@@GLIBC_2.0
                0x0000000008055940                __fxstat64@@GLIBC_2.2
                0x0000000008055950                strcpy@@GLIBC_2.0
                0x0000000008055960                epoll_ctl@@GLIBC_2.3.2
                0x0000000008055970                lseek64@@GLIBC_2.2
                0x0000000008055980                getpid@@GLIBC_2.0
                0x0000000008055990                tcsetattr@@GLIBC_2.0
                0x00000000080559a0                getenv@@GLIBC_2.0
                0x00000000080559b0                realloc@@GLIBC_2.0
                0x00000000080559c0                __vdprintf_chk@@GLIBC_2.8
                0x00000000080559d0                mlockall@@GLIBC_2.0
                0x00000000080559e0                malloc@@GLIBC_2.0
                0x00000000080559f0                puts@@GLIBC_2.0
                0x0000000008055a00                strerror@@GLIBC_2.0
                0x0000000008055a10                __memcpy_chk@@GLIBC_2.3.4
                0x0000000008055a30                timerfd_create@@GLIBC_2.8
                0x0000000008055a40                exit@@GLIBC_2.0
                0x0000000008055a50                open@@GLIBC_2.0
                0x0000000008055a60                flock@@GLIBC_2.0
                0x0000000008055a70                getopt_long@@GLIBC_2.0
                0x0000000008055a80                strtoul@@GLIBC_2.0
                0x0000000008055a90                mmap@@GLIBC_2.0
                0x0000000008055aa0                strchr@@GLIBC_2.0
                0x0000000008055ab0                fscanf@@GLIBC_2.0
                0x0000000008055ac0                pthread_setname_np@@GLIBC_2.12
                0x0000000008055ad0                strlen@@GLIBC_2.0
                0x0000000008055ae0                __libc_start_main@@GLIBC_2.0
                0x0000000008055af0                write@@GLIBC_2.0
                0x0000000008055b00                open64@@GLIBC_2.2
                0x0000000008055b10                getpagesize@@GLIBC_2.0
                0x0000000008055b20                mlock@@GLIBC_2.0
                0x0000000008055b30                fcntl@@GLIBC_2.0
                0x0000000008055b40                sigaddset@@GLIBC_2.0
                0x0000000008055b50                bind@@GLIBC_2.0
                0x0000000008055b60                __isoc99_sscanf@@GLIBC_2.7
                0x0000000008055b70                backtrace_symbols@@GLIBC_2.1
                0x0000000008055b80                fopen@@GLIBC_2.1
                0x0000000008055b90                memset@@GLIBC_2.0
                0x0000000008055ba0                lockf@@GLIBC_2.0
                0x0000000008055bb0                snprintf@@GLIBC_2.0
                0x0000000008055bc0                __strdup@@GLIBC_2.0
                0x0000000008055bd0                ftruncate@@GLIBC_2.0
                0x0000000008055be0                srand48@@GLIBC_2.0
                0x0000000008055bf0                __errno_location@@GLIBC_2.0
                0x0000000008055c00                memchr@@GLIBC_2.0
                0x0000000008055c10                strncpy@@GLIBC_2.0
                0x0000000008055c20                syscall@@GLIBC_2.0
                0x0000000008055c30                strtoull@@GLIBC_2.0
                0x0000000008055c40                fileno@@GLIBC_2.0
                0x0000000008055c50                iopl@@GLIBC_2.0
                0x0000000008055c60                mmap64@@GLIBC_2.1
                0x0000000008055c70                __strncpy_chk@@GLIBC_2.3.4
                0x0000000008055c80                strncasecmp@@GLIBC_2.0
                0x0000000008055c90                pipe@@GLIBC_2.0
                0x0000000008055ca0                fopencookie@@GLIBC_2.2
                0x0000000008055cb0                access@@GLIBC_2.0
                0x0000000008055cc0                __strcpy_chk@@GLIBC_2.3.4
                0x0000000008055cd0                __printf_chk@@GLIBC_2.3.4
                0x0000000008055ce0                ftruncate64@@GLIBC_2.1
                0x0000000008055cf0                strnlen@@GLIBC_2.0
                0x0000000008055d00                epoll_wait@@GLIBC_2.3.2
                0x0000000008055d10                __sigsetjmp@@GLIBC_2.0
                0x0000000008055d20                sendto@@GLIBC_2.0
                0x0000000008055d30                __longjmp_chk@@GLIBC_2.11
                0x0000000008055d40                munmap@@GLIBC_2.0
                0x0000000008055d50                __syslog_chk@@GLIBC_2.4
                0x0000000008055d60                sigemptyset@@GLIBC_2.0
                0x0000000008055d70                readdir@@GLIBC_2.0
                0x0000000008055d80                strrchr@@GLIBC_2.0
                0x0000000008055d90                fputc@@GLIBC_2.0
                0x0000000008055da0                sscanf@@GLIBC_2.0
                0x0000000008055db0                getdelim@@GLIBC_2.0
                0x0000000008055dc0                openlog@@GLIBC_2.0
                0x0000000008055dd0                timerfd_settime@@GLIBC_2.8
                0x0000000008055de0                epoll_create@@GLIBC_2.3.2
                0x0000000008055df0                qsort@@GLIBC_2.0
                0x0000000008055e00                dlopen@@GLIBC_2.1
                0x0000000008055e10                nanosleep@@GLIBC_2.0
                0x0000000008055e20                socket@@GLIBC_2.0
                0x0000000008055e30                eventfd@@GLIBC_2.7
                0x0000000008055e40                __fprintf_chk@@GLIBC_2.3.4
                0x0000000008055e50                pthread_create@@GLIBC_2.1
                0x0000000008055e60                clock_gettime@@GLIBC_2.2
                0x0000000008055e70                sigaction@@GLIBC_2.0
                0x0000000008055e80                strncmp@@GLIBC_2.0
                0x0000000008055e90                tcgetattr@@GLIBC_2.0
                0x0000000008055ea0                abort@@GLIBC_2.0
                0x0000000008055eb0                backtrace@@GLIBC_2.1
                0x0000000008055ec0                __xmknod@@GLIBC_2.0
                0x0000000008055ed0                strtol@@GLIBC_2.0
                0x0000000008055ee0                fputs@@GLIBC_2.0
                0x0000000008055ef0                close@@GLIBC_2.0
                0x0000000008055f00                closedir@@GLIBC_2.0
                0x0000000008055f10                opendir@@GLIBC_2.0
                0x0000000008055f20                __assert_fail@@GLIBC_2.0
                0x0000000008055f30                __ctype_b_loc@@GLIBC_2.3
                0x0000000008055f40                pwrite@@GLIBC_2.2
                0x0000000008055f50                calloc@@GLIBC_2.0
 *(.iplt)
 .iplt          0x0000000000000000        0x0 /usr/lib/gcc/i686-linux-gnu/4.6/../../../i386-linux-gnu/crt1.o

.text           0x0000000008055f60    0x790cc
 *(.text.unlikely .text.*_unlikely)
 .text.unlikely
                0x0000000008055f60      0x6e7 /home/minh/dpdk16.07.2/i686-native-linuxapp-gcc/lib/librte_acl.a(acl_run_sse.o)
 .text.unlikely
                0x0000000008056647       0x27 /home/minh/dpdk16.07.2/i686-native-linuxapp-gcc/lib/libethdev.a(rte_ethdev.o)
 .text.unlikely
                0x000000000805666e       0x27 /home/minh/dpdk16.07.2/i686-native-linuxapp-gcc/lib/librte_mempool.a(rte_mempool.o)
 .text.unlikely
                0x0000000008056695       0x36 /home/minh/dpdk16.07.2/i686-native-linuxapp-gcc/lib/librte_eal.a(eal_memory.o)
 .text.unlikely
                0x00000000080566cb       0x55 /home/minh/dpdk16.07.2/i686-native-linuxapp-gcc/lib/librte_eal.a(eal_debug.o)
                0x00000000080566cb                __rte_panic
 .text.unlikely
                0x0000000008056720       0x2b /home/minh/dpdk16.07.2/i686-native-linuxapp-gcc/lib/librte_eal.a(eal_common_log.o)
                0x0000000008056720                rte_log
 .text.unlikely
                0x000000000805674b       0x27 /home/minh/dpdk16.07.2/i686-native-linuxapp-gcc/lib/librte_pmd_af_packet.a(rte_eth_af_packet.o)
 .text.unlikely
                0x0000000008056772     0x26d7 /home/minh/dpdk16.07.2/i686-native-linuxapp-gcc/lib/librte_pmd_ixgbe.a(ixgbe_rxtx.o)
                0x000000000805700e                ixgbe_dev_tx_queue_release
                0x0000000008057017                ixgbe_set_tx_function
                0x0000000008057044                ixgbe_dev_tx_queue_setup
                0x0000000008057486                ixgbe_dev_rx_queue_release
                0x000000000805748f                ixgbe_dev_clear_queues
                0x000000000805750d                ixgbe_dev_tx_init
                0x00000000080576d1                ixgbe_dev_rx_queue_start
                0x0000000008057873                ixgbe_dev_rx_queue_stop
                0x0000000008057997                ixgbe_dev_tx_queue_start
                0x0000000008057a7f                ixgbe_dev_rxtx_start
                0x0000000008057c4c                ixgbe_dev_tx_queue_stop
                0x0000000008057d90                ixgbevf_dev_tx_init
                0x0000000008057e14                ixgbevf_dev_rxtx_start
                0x0000000008057fcb                ixgbe_set_rx_function
                0x0000000008058092                ixgbevf_dev_rx_init
                0x000000000805822e                ixgbe_dev_rx_init
                0x0000000008058b11                ixgbe_dev_rx_queue_setup
 .text.unlikely
                0x0000000008058e49       0x2e /home/minh/dpdk16.07.2/i686-native-linuxapp-gcc/lib/librte_pmd_ixgbe.a(ixgbe_ethdev.o)
 .text.unlikely
                0x0000000008058e77       0x4e /home/minh/dpdk16.07.2/i686-native-linuxapp-gcc/lib/librte_pmd_null.a(rte_eth_null.o)
 *(.text.exit .text.exit.*)
 *(.text.startup .text.startup.*)
 *fill*         0x0000000008058ec5        0xb 90909090
 .text.startup  0x0000000008058ed0       0x62 /home/minh/dpdk16.07.2/i686-native-linuxapp-gcc/lib/librte_acl.a(rte_acl.o)
                0x0000000008058ed0                tailqinitfn_rte_acl_tailq
 *fill*         0x0000000008058f32        0xe 90909090
 .text.startup  0x0000000008058f40       0x7b /home/minh/dpdk16.07.2/i686-native-linuxapp-gcc/lib/librte_hash.a(rte_cuckoo_hash.o)
                0x0000000008058f80                tailqinitfn_rte_hash_tailq
 *fill*         0x0000000008058fbb        0x5 90909090
 .text.startup  0x0000000008058fc0       0x7b /home/minh/dpdk16.07.2/i686-native-linuxapp-gcc/lib/librte_hash.a(rte_fbk_hash.o)
                0x0000000008059000                tailqinitfn_rte_fbk_hash_tailq
 *fill*         0x000000000805903b        0x5 90909090
 .text.startup  0x0000000008059040       0x3b /home/minh/dpdk16.07.2/i686-native-linuxapp-gcc/lib/librte_mempool.a(rte_mempool.o)
                0x0000000008059040                tailqinitfn_rte_mempool_tailq
 *fill*         0x000000000805907b        0x5 90909090
 .text.startup  0x0000000008059080       0x73 /home/minh/dpdk16.07.2/i686-native-linuxapp-gcc/lib/librte_mempool.a(rte_mempool_ring.o)
                0x0000000008059080                mp_hdlr_init_ops_mp_mc
                0x00000000080590a0                mp_hdlr_init_ops_sp_sc
                0x00000000080590c0                mp_hdlr_init_ops_mp_sc
                0x00000000080590e0                mp_hdlr_init_ops_sp_mc
 *fill*         0x00000000080590f3        0xd 90909090
 .text.startup  0x0000000008059100       0x13 /home/minh/dpdk16.07.2/i686-native-linuxapp-gcc/lib/librte_mempool.a(rte_mempool_stack.o)
                0x0000000008059100                mp_hdlr_init_ops_stack
 *fill*         0x0000000008059113        0xd 90909090
 .text.startup  0x0000000008059120       0x3b /home/minh/dpdk16.07.2/i686-native-linuxapp-gcc/lib/librte_ring.a(rte_ring.o)
                0x0000000008059120                tailqinitfn_rte_ring_tailq
 *fill*         0x000000000805915b        0x5 90909090
 .text.startup  0x0000000008059160       0x3b /home/minh/dpdk16.07.2/i686-native-linuxapp-gcc/lib/librte_eal.a(eal_common_pci_uio.o)
                0x0000000008059160                tailqinitfn_rte_uio_tailq
 *fill*         0x000000000805919b        0x5 90909090
 .text.startup  0x00000000080591a0      0x153 /home/minh/dpdk16.07.2/i686-native-linuxapp-gcc/lib/librte_eal.a(eal_common_cpuflags.o)
                0x00000000080591a0                rte_cpu_check_supported
 *fill*         0x00000000080592f3        0xd 90909090
 .text.startup  0x0000000008059300       0x18 /home/minh/dpdk16.07.2/i686-native-linuxapp-gcc/lib/librte_eal.a(rte_spinlock.o)
 *fill*         0x0000000008059318        0x8 90909090
 .text.startup  0x0000000008059320       0x1d /home/minh/dpdk16.07.2/i686-native-linuxapp-gcc/lib/librte_pmd_af_packet.a(rte_eth_af_packet.o)
                0x0000000008059320                devinitfn_pmd_af_packet_drv
 *fill*         0x000000000805933d        0x3 90909090
 .text.startup  0x0000000008059340       0x3d /home/minh/dpdk16.07.2/i686-native-linuxapp-gcc/lib/librte_pmd_ixgbe.a(ixgbe_ethdev.o)
                0x0000000008059340                devinitfn_rte_ixgbe_driver
                0x0000000008059360                devinitfn_rte_ixgbevf_driver
 *fill*         0x000000000805937d        0x3 90909090
 .text.startup  0x0000000008059380       0x1d /home/minh/dpdk16.07.2/i686-native-linuxapp-gcc/lib/librte_pmd_null.a(rte_eth_null.o)
                0x0000000008059380                devinitfn_pmd_null_drv
 *fill*         0x000000000805939d        0x3 90909090
 .text.startup  0x00000000080593a0       0x1d /home/minh/dpdk16.07.2/i686-native-linuxapp-gcc/lib/librte_pmd_ring.a(rte_eth_ring.o)
                0x00000000080593a0                devinitfn_pmd_ring_drv
 *(.text.hot .text.hot.*)
 *(.text .stub .text.* .gnu.linkonce.t.*)
 *fill*         0x00000000080593bd        0x3 90909090
 .text          0x00000000080593c0       0x24 /usr/lib/gcc/i686-linux-gnu/4.6/../../../i386-linux-gnu/crt1.o
                0x00000000080593c0                _start
 .text          0x00000000080593e4        0x0 /usr/lib/gcc/i686-linux-gnu/4.6/../../../i386-linux-gnu/crti.o
 *fill*         0x00000000080593e4        0xc 90909090
 .text          0x00000000080593f0       0x83 /usr/lib/gcc/i686-linux-gnu/4.6/crtbegin.o
 *fill*         0x0000000008059473        0x1 90909090
 .text          0x0000000008059474      0x59d basicfwd.o
                0x000000000805972d                lcore_app_main
                0x000000000805976a                main
 *fill*         0x0000000008059a11        0x3 90909090
 .text          0x0000000008059a14      0x1ff hypervisor.o
                0x0000000008059a14                proc_maps_push
                0x0000000008059a58                push_prot_mem
                0x0000000008059a9c                parse_proc_map
                0x0000000008059bae                do_remap
                0x0000000008059bcb                proc_maps_print
 *fill*         0x0000000008059c13        0xd 90909090
 .text          0x0000000008059c20      0x13b /home/minh/dpdk16.07.2/i686-native-linuxapp-gcc/lib/librte_acl.a(tb_mem.o)
                0x0000000008059c20                tb_alloc
                0x0000000008059d20                tb_free_pool
 *fill*         0x0000000008059d5b        0x5 90909090
 .text          0x0000000008059d60      0x7ec /home/minh/dpdk16.07.2/i686-native-linuxapp-gcc/lib/librte_acl.a(rte_acl.o)
                0x0000000008059d60                rte_acl_classify_avx2
                0x0000000008059d80                rte_acl_classify_neon
                0x0000000008059d90                rte_acl_set_ctx_classify
                0x0000000008059db0                rte_acl_classify_alg
                0x0000000008059e30                rte_acl_classify
                0x0000000008059eb0                rte_acl_find_existing
                0x0000000008059f50                rte_acl_free
                0x000000000805a020                rte_acl_create
                0x000000000805a270                rte_acl_add_rules
                0x000000000805a3a0                rte_acl_reset_rules
                0x000000000805a3c0                rte_acl_reset
                0x000000000805a3f0                rte_acl_dump
                0x000000000805a4e0                rte_acl_list_dump
 *fill*         0x000000000805a54c        0x4 90909090
 .text          0x000000000805a550     0x658c /home/minh/dpdk16.07.2/i686-native-linuxapp-gcc/lib/librte_acl.a(acl_bld.o)
                0x0000000008060820                rte_acl_build
 *fill*         0x0000000008060adc        0x4 90909090
 .text          0x0000000008060ae0     0x1043 /home/minh/dpdk16.07.2/i686-native-linuxapp-gcc/lib/librte_acl.a(acl_gen.o)
                0x0000000008061800                rte_acl_gen
 *fill*         0x0000000008061b23        0xd 90909090
 .text          0x0000000008061b30     0x140d /home/minh/dpdk16.07.2/i686-native-linuxapp-gcc/lib/librte_acl.a(acl_run_scalar.o)
                0x0000000008061c10                rte_acl_classify_scalar
 *fill*         0x0000000008062f3d        0x3 90909090
 .text          0x0000000008062f40     0x13e9 /home/minh/dpdk16.07.2/i686-native-linuxapp-gcc/lib/librte_acl.a(acl_run_sse.o)
                0x00000000080642b0                rte_acl_classify_sse
 *fill*         0x0000000008064329        0x7 90909090
 .text          0x0000000008064330      0xc3b /home/minh/dpdk16.07.2/i686-native-linuxapp-gcc/lib/librte_timer.a(rte_timer.o)
                0x0000000008064870                rte_timer_subsystem_init
                0x00000000080648a0                rte_timer_init
                0x00000000080648b0                rte_timer_reset
                0x00000000080649b0                rte_timer_reset_sync
                0x0000000008064a20                rte_timer_stop
                0x0000000008064ae0                rte_timer_stop_sync
                0x0000000008064bb0                rte_timer_pending
                0x0000000008064bd0                rte_timer_manage
                0x0000000008064f40                rte_timer_dump_stats
 *fill*         0x0000000008064f6b        0x5 90909090
 .text          0x0000000008064f70     0xa514 /home/minh/dpdk16.07.2/i686-native-linuxapp-gcc/lib/librte_hash.a(rte_cuckoo_hash.o)
                0x0000000008069de0                rte_hash_find_existing
                0x0000000008069e80                rte_hash_set_cmp_func
                0x0000000008069e90                rte_hash_create
                0x000000000806a550                rte_hash_free
                0x000000000806a660                rte_hash_hash
                0x000000000806a690                rte_hash_reset
                0x000000000806a7d0                rte_hash_add_key_with_hash
                0x000000000806a7f0                rte_hash_add_key
                0x000000000806a840                rte_hash_add_key_with_hash_data
                0x000000000806a870                rte_hash_add_key_data
                0x000000000806a8c0                rte_hash_lookup_with_hash
                0x000000000806cbb0                rte_hash_lookup
                0x000000000806d060                rte_hash_lookup_with_hash_data
                0x000000000806d4f0                rte_hash_lookup_data
                0x000000000806da00                rte_hash_del_key_with_hash
                0x000000000806e420                rte_hash_del_key
                0x000000000806ee60                rte_hash_get_key_with_position
                0x000000000806f320                rte_hash_lookup_bulk
                0x000000000806f360                rte_hash_lookup_bulk_data
                0x000000000806f3c0                rte_hash_iterate
 *fill*         0x000000000806f484        0xc 90909090
 .text          0x000000000806f490      0x43b /home/minh/dpdk16.07.2/i686-native-linuxapp-gcc/lib/librte_hash.a(rte_fbk_hash.o)
                0x000000000806f4e0                rte_fbk_hash_find_existing
                0x000000000806f580                rte_fbk_hash_create
                0x000000000806f810                rte_fbk_hash_free
 *fill*         0x000000000806f8cb        0x5 90909090
 .text          0x000000000806f8d0      0x3ad /home/minh/dpdk16.07.2/i686-native-linuxapp-gcc/lib/librte_kvargs.a(rte_kvargs.o)
                0x000000000806f8d0                rte_kvargs_count
                0x000000000806f930                rte_kvargs_process
                0x000000000806f9f0                rte_kvargs_free
                0x000000000806fa20                rte_kvargs_parse
 *fill*         0x000000000806fc7d        0x3 90909090
 .text          0x000000000806fc80      0x7a8 /home/minh/dpdk16.07.2/i686-native-linuxapp-gcc/lib/librte_mbuf.a(rte_mbuf.o)
                0x000000000806fc80                rte_pktmbuf_init
                0x000000000806fd50                rte_ctrlmbuf_init
                0x000000000806fe20                rte_pktmbuf_pool_init
                0x000000000806fe70                rte_pktmbuf_pool_create
                0x000000000806ffd0                rte_mbuf_sanity_check
                0x00000000080700e0                rte_pktmbuf_dump
                0x0000000008070200                rte_get_rx_ol_flag_name
                0x00000000080702d0                rte_get_tx_ol_flag_name
 *fill*         0x0000000008070428        0x8 90909090
 .text          0x0000000008070430     0x5f87 /home/minh/dpdk16.07.2/i686-native-linuxapp-gcc/lib/libethdev.a(rte_ethdev.o)
                0x0000000008070de0                rte_eth_tx_buffer_drop_callback
                0x0000000008071100                rte_eth_dev_allocated
                0x0000000008071170                rte_eth_dev_allocate
                0x00000000080712f0                rte_eth_dev_release_port
                0x0000000008071310                rte_eth_driver_register
                0x0000000008071330                rte_eth_dev_is_valid_port
                0x0000000008071360                rte_eth_dev_socket_id
                0x00000000080713a0                rte_eth_dev_count
                0x00000000080713b0                rte_eth_dev_get_name_by_port
                0x0000000008071410                rte_eth_dev_get_port_by_name
                0x0000000008071490                rte_eth_dev_attach
                0x00000000080717b0                rte_eth_dev_detach
                0x00000000080719c0                rte_eth_dev_rx_queue_start
                0x0000000008071a50                rte_eth_dev_rx_queue_stop
                0x0000000008071ae0                rte_eth_dev_tx_queue_start
                0x0000000008071b70                rte_eth_dev_tx_queue_stop
                0x0000000008071c00                rte_eth_speed_bitflag
                0x0000000008071ce0                rte_eth_dev_configure
                0x0000000008071f50                rte_eth_dev_start
                0x0000000008072300                rte_eth_dev_stop
                0x0000000008072360                rte_eth_dev_set_link_up
                0x00000000080723b0                rte_eth_dev_set_link_down
                0x0000000008072400                rte_eth_dev_close
                0x0000000008072480                rte_eth_rx_queue_setup
                0x0000000008072670                rte_eth_tx_queue_setup
                0x0000000008072810                rte_eth_tx_buffer_count_callback
                0x0000000008072b40                rte_eth_tx_buffer_set_err_callback
                0x0000000008072b60                rte_eth_tx_buffer_init
                0x0000000008072ba0                rte_eth_promiscuous_enable
                0x0000000008072bf0                rte_eth_promiscuous_disable
                0x0000000008072c40                rte_eth_promiscuous_get
                0x0000000008072c80                rte_eth_allmulticast_enable
                0x0000000008072cd0                rte_eth_allmulticast_disable
                0x0000000008072d20                rte_eth_allmulticast_get
                0x0000000008072d60                rte_eth_link_get
                0x0000000008072e00                rte_eth_link_get_nowait
                0x0000000008072ea0                rte_eth_stats_get
                0x0000000008072f80                rte_eth_stats_reset
                0x0000000008072fe0                rte_eth_xstats_get_names
                0x0000000008073350                rte_eth_xstats_get
                0x00000000080735e0                rte_eth_xstats_reset
                0x0000000008073650                rte_eth_dev_set_tx_queue_stats_mapping
                0x00000000080736c0                rte_eth_dev_set_rx_queue_stats_mapping
                0x0000000008073730                rte_eth_dev_info_get
                0x0000000008073830                rte_eth_dev_get_supported_ptypes
                0x00000000080738c0                rte_eth_macaddr_get
                0x0000000008073910                rte_eth_dev_get_mtu
                0x0000000008073950                rte_eth_dev_set_mtu
                0x00000000080739d0                rte_eth_dev_vlan_filter
                0x0000000008073a50                rte_eth_dev_set_vlan_strip_on_queue
                0x0000000008073ad0                rte_eth_dev_set_vlan_ether_type
                0x0000000008073b30                rte_eth_dev_set_vlan_offload
                0x0000000008073c80                rte_eth_dev_get_vlan_offload
                0x0000000008073ce0                rte_eth_dev_set_vlan_pvid
                0x0000000008073d50                rte_eth_dev_flow_ctrl_get
                0x0000000008073dd0                rte_eth_dev_flow_ctrl_set
                0x0000000008073e30                rte_eth_dev_priority_flow_ctrl_set
                0x0000000008073e90                rte_eth_dev_rss_reta_update
                0x0000000008074000                rte_eth_dev_rss_reta_query
                0x00000000080740f0                rte_eth_dev_rss_hash_update
                0x0000000008074170                rte_eth_dev_rss_hash_conf_get
                0x00000000080741c0                rte_eth_dev_udp_tunnel_port_add
                0x0000000008074230                rte_eth_dev_udp_tunnel_port_delete
                0x00000000080742a0                rte_eth_led_on
                0x00000000080742f0                rte_eth_led_off
                0x0000000008074340                rte_eth_dev_mac_addr_add
                0x00000000080744b0                rte_eth_dev_mac_addr_remove
                0x0000000008074590                rte_eth_dev_default_mac_addr_set
                0x0000000008074650                rte_eth_dev_set_vf_rxmode
                0x00000000080747c0                rte_eth_dev_uc_hash_table_set
                0x0000000008074940                rte_eth_dev_uc_all_hash_table_set
                0x0000000008074990                rte_eth_dev_set_vf_rx
                0x0000000008074ad0                rte_eth_dev_set_vf_tx
                0x0000000008074c10                rte_eth_dev_set_vf_vlan_filter
                0x0000000008074cc0                rte_eth_set_queue_rate_limit
                0x0000000008074e10                rte_eth_set_vf_rate_limit
                0x0000000008074fb0                rte_eth_mirror_rule_set
                0x0000000008075090                rte_eth_mirror_rule_reset
                0x00000000080750e0                rte_eth_dev_callback_register
                0x00000000080751c0                rte_eth_dev_callback_unregister
                0x00000000080752c0                _rte_eth_dev_callback_process
                0x0000000008075370                rte_eth_dev_rx_intr_ctl
                0x0000000008075440                rte_eth_dma_zone_reserve
                0x0000000008075500                rte_eth_dev_rx_intr_ctl_q
                0x00000000080755a0                rte_eth_dev_rx_intr_enable
                0x00000000080755f0                rte_eth_dev_rx_intr_disable
                0x0000000008075640                rte_eth_dev_filter_supported
                0x00000000080756b0                rte_eth_dev_filter_ctrl
                0x0000000008075730                rte_eth_add_rx_callback
                0x0000000008075820                rte_eth_add_first_rx_callback
                0x0000000008075910                rte_eth_add_tx_callback
                0x0000000008075a00                rte_eth_remove_rx_callback
                0x0000000008075aa0                rte_eth_remove_tx_callback
                0x0000000008075b50                rte_eth_rx_queue_info_get
                0x0000000008075c60                rte_eth_tx_queue_info_get
                0x0000000008075d70                rte_eth_dev_set_mc_addr_list
                0x0000000008075dd0                rte_eth_timesync_enable
                0x0000000008075e20                rte_eth_timesync_disable
                0x0000000008075e70                rte_eth_timesync_read_rx_timestamp
                0x0000000008075ed0                rte_eth_timesync_read_tx_timestamp
                0x0000000008075f20                rte_eth_timesync_adjust_time
                0x0000000008075f80                rte_eth_timesync_read_time
                0x0000000008075fd0                rte_eth_timesync_write_time
                0x0000000008076020                rte_eth_dev_get_reg_info
                0x0000000008076070                rte_eth_dev_get_eeprom_length
                0x00000000080760c0                rte_eth_dev_get_eeprom
                0x0000000008076110                rte_eth_dev_set_eeprom
                0x0000000008076160                rte_eth_dev_get_dcb_info
                0x0000000008076230                rte_eth_copy_pci_info
                0x00000000080762c0                rte_eth_dev_l2_tunnel_eth_type_conf
                0x0000000008076330                rte_eth_dev_l2_tunnel_offload_set
 *fill*         0x00000000080763b7        0x9 90909090
 .text          0x00000000080763c0     0x20cc /home/minh/dpdk16.07.2/i686-native-linuxapp-gcc/lib/librte_mempool.a(rte_mempool.o)
                0x0000000008076550                rte_mempool_obj_iter
                0x00000000080765a0                rte_mempool_mem_iter
                0x00000000080765e0                rte_mempool_calc_obj_size
                0x00000000080766f0                rte_mempool_xmem_size
                0x0000000008076770                rte_mempool_xmem_usage
                0x00000000080768a0                rte_mempool_populate_phys
                0x0000000008076c50                rte_mempool_populate_phys_tab
                0x0000000008076e50                rte_mempool_populate_virt
                0x0000000008076f30                rte_mempool_populate_default
                0x00000000080772a0                rte_mempool_populate_anon
                0x0000000008077490                rte_mempool_free
                0x0000000008077550                rte_mempool_cache_create
                0x0000000008077610                rte_mempool_cache_free
                0x0000000008077620                rte_mempool_create_empty
                0x0000000008077990                rte_mempool_create
                0x0000000008077ae0                rte_mempool_xmem_create
                0x0000000008077e20                rte_mempool_avail_count
                0x0000000008077e60                rte_mempool_in_use_count
                0x0000000008077eb0                rte_mempool_count
                0x0000000008077ef0                rte_mempool_check_cookies
                0x0000000008077f00                rte_mempool_audit
                0x0000000008077f70                rte_mempool_dump
                0x00000000080782f0                rte_mempool_list_dump
                0x0000000008078370                rte_mempool_lookup
                0x0000000008078410                rte_mempool_walk
 *fill*         0x000000000807848c        0x4 90909090
 .text          0x0000000008078490      0x2bd /home/minh/dpdk16.07.2/i686-native-linuxapp-gcc/lib/librte_mempool.a(rte_mempool_ops.o)
                0x0000000008078490                rte_mempool_register_ops
                0x00000000080785e0                rte_mempool_ops_alloc
                0x0000000008078630                rte_mempool_ops_free
                0x0000000008078680                rte_mempool_ops_get_count
                0x00000000080786d0                rte_mempool_set_ops_byname
 *fill*         0x000000000807874d        0x3 90909090
 .text          0x0000000008078750      0xb49 /home/minh/dpdk16.07.2/i686-native-linuxapp-gcc/lib/librte_mempool.a(rte_mempool_ring.o)
 *fill*         0x0000000008079299        0x7 90909090
 .text          0x00000000080792a0      0x2b9 /home/minh/dpdk16.07.2/i686-native-linuxapp-gcc/lib/librte_mempool.a(rte_mempool_stack.o)
 *fill*         0x0000000008079559        0x7 90909090
 .text          0x0000000008079560      0x874 /home/minh/dpdk16.07.2/i686-native-linuxapp-gcc/lib/librte_ring.a(rte_ring.o)
                0x0000000008079560                rte_ring_get_memsize
                0x00000000080795b0                rte_ring_init
                0x00000000080796c0                rte_ring_create
                0x00000000080799d0                rte_ring_free
                0x0000000008079ae0                rte_ring_set_water_mark
                0x0000000008079b10                rte_ring_dump
                0x0000000008079cc0                rte_ring_list_dump
                0x0000000008079d40                rte_ring_lookup
 *fill*         0x0000000008079dd4        0xc 90909090
 .text          0x0000000008079de0     0x14ec /home/minh/dpdk16.07.2/i686-native-linuxapp-gcc/lib/librte_eal.a(eal.o)
                0x0000000008079e50                rte_eal_get_configuration
                0x0000000008079e60                eal_parse_sysfs_value
                0x0000000008079fb0                eal_proc_type_detect
                0x000000000807a0a0                rte_set_application_usage_hook
                0x000000000807a0b0                rte_eal_iopl_init
                0x000000000807a0d0                rte_eal_init
                0x000000000807b1b0                rte_eal_lcore_role
                0x000000000807b1c0                rte_eal_process_type
                0x000000000807b1d0                rte_eal_has_hugepages
                0x000000000807b1e0                rte_eal_check_module
 *fill*         0x000000000807b2cc        0x4 90909090
 .text          0x000000000807b2d0      0xb23 /home/minh/dpdk16.07.2/i686-native-linuxapp-gcc/lib/librte_eal.a(eal_hugepage_info.o)
                0x000000000807b900                eal_hugepage_info_init
 *fill*         0x000000000807bdf3        0xd 90909090
 .text          0x000000000807be00     0x2440 /home/minh/dpdk16.07.2/i686-native-linuxapp-gcc/lib/librte_eal.a(eal_memory.o)
                0x000000000807c590                rte_mem_lock_page
                0x000000000807c5b0                rte_mem_virt2phy
                0x000000000807c7d0                rte_eal_hugepage_init
                0x000000000807dac0                rte_eal_hugepage_attach
 .text          0x000000000807e240      0x3c5 /home/minh/dpdk16.07.2/i686-native-linuxapp-gcc/lib/librte_eal.a(eal_thread.o)
                0x000000000807e240                rte_eal_remote_launch
                0x000000000807e330                eal_thread_init_master
                0x000000000807e3a0                eal_thread_loop
                0x000000000807e5e0                rte_sys_gettid
                0x000000000807e600                rte_thread_setname
 *fill*         0x000000000807e605        0xb 90909090
 .text          0x000000000807e610      0x235 /home/minh/dpdk16.07.2/i686-native-linuxapp-gcc/lib/librte_eal.a(eal_log.o)
                0x000000000807e760                rte_eal_log_init
                0x000000000807e7e0                rte_eal_log_early_init
 *fill*         0x000000000807e845        0x3 90909090
 .text          0x000000000807e848        0x0 /home/minh/dpdk16.07.2/i686-native-linuxapp-gcc/lib/librte_eal.a(eal_vfio.o)
 .text          0x000000000807e848        0x0 /home/minh/dpdk16.07.2/i686-native-linuxapp-gcc/lib/librte_eal.a(eal_vfio_mp_sync.o)
 *fill*         0x000000000807e848        0x8 90909090
 .text          0x000000000807e850     0x1822 /home/minh/dpdk16.07.2/i686-native-linuxapp-gcc/lib/librte_eal.a(eal_pci.o)
                0x000000000807eac0                pci_unbind_kernel_driver
                0x000000000807ec80                rte_eal_pci_map_device
                0x000000000807ecc0                rte_eal_pci_unmap_device
                0x000000000807ed10                pci_find_max_end_va
                0x000000000807ed50                pci_parse_one_sysfs_resource
                0x000000000807ee50                rte_eal_pci_scan
                0x000000000807fd80                rte_eal_pci_read_config
                0x000000000807fe00                rte_eal_pci_write_config
                0x000000000807fe80                rte_eal_pci_ioport_map
                0x000000000807ff00                rte_eal_pci_ioport_read
                0x000000000807ff60                rte_eal_pci_ioport_write
                0x000000000807ffc0                rte_eal_pci_ioport_unmap
                0x0000000008080000                rte_eal_pci_init
 *fill*         0x0000000008080072        0xe 90909090
 .text          0x0000000008080080      0xcf3 /home/minh/dpdk16.07.2/i686-native-linuxapp-gcc/lib/librte_eal.a(eal_pci_uio.o)
                0x00000000080804d0                pci_uio_read_config
                0x00000000080804e0                pci_uio_write_config
                0x00000000080804f0                pci_uio_free_resource
                0x0000000008080550                pci_uio_alloc_resource
                0x0000000008080890                pci_uio_map_resource_by_index
                0x0000000008080b10                pci_uio_ioport_map
                0x0000000008080cc0                pci_uio_ioport_read
                0x0000000008080d10                pci_uio_ioport_write
                0x0000000008080d70                pci_uio_ioport_unmap
 *fill*         0x0000000008080d73        0x1 90909090
 .text          0x0000000008080d74        0x0 /home/minh/dpdk16.07.2/i686-native-linuxapp-gcc/lib/librte_eal.a(eal_pci_vfio.o)
 *fill*         0x0000000008080d74        0xc 90909090
 .text          0x0000000008080d80       0xfa /home/minh/dpdk16.07.2/i686-native-linuxapp-gcc/lib/librte_eal.a(eal_debug.o)
                0x0000000008080d80                rte_dump_stack
                0x0000000008080e10                rte_dump_registers
                0x0000000008080e20                rte_exit
 *fill*         0x0000000008080e7a        0x6 90909090
 .text          0x0000000008080e80      0x452 /home/minh/dpdk16.07.2/i686-native-linuxapp-gcc/lib/librte_eal.a(eal_lcore.o)
                0x0000000008080e80                eal_cpu_detected
                0x0000000008080f10                eal_cpu_socket_id
                0x0000000008081210                eal_cpu_core_id
 *fill*         0x00000000080812d2        0xe 90909090
 .text          0x00000000080812e0      0x2fd /home/minh/dpdk16.07.2/i686-native-linuxapp-gcc/lib/librte_eal.a(eal_timer.o)
                0x0000000008081430                get_tsc_freq
                0x00000000080815c0                rte_eal_timer_init
 *fill*         0x00000000080815dd        0x3 90909090
 .text          0x00000000080815e0     0x143f /home/minh/dpdk16.07.2/i686-native-linuxapp-gcc/lib/librte_eal.a(eal_interrupts.o)
                0x0000000008081b20                rte_intr_callback_register
                0x0000000008081d10                rte_intr_callback_unregister
                0x0000000008081ec0                rte_intr_enable
                0x0000000008082040                rte_intr_disable
                0x00000000080821c0                rte_eal_intr_init
                0x0000000008082290                rte_intr_tls_epfd
                0x00000000080822f0                rte_epoll_wait
                0x00000000080824c0                rte_epoll_ctl
                0x0000000008082670                rte_intr_rx_ctl
                0x00000000080827d0                rte_intr_efd_enable
                0x00000000080828d0                rte_intr_efd_disable
                0x00000000080829e0                rte_intr_dp_is_en
                0x00000000080829f0                rte_intr_allow_others
                0x0000000008082a10                rte_intr_cap_multiple
 *fill*         0x0000000008082a1f        0x1 90909090
 .text          0x0000000008082a20      0x6b1 /home/minh/dpdk16.07.2/i686-native-linuxapp-gcc/lib/librte_eal.a(eal_alarm.o)
                0x0000000008082b70                rte_eal_alarm_init
                0x0000000008082bc0                rte_eal_alarm_set
                0x0000000008082e40                rte_eal_alarm_cancel
 *fill*         0x00000000080830d1        0xf 90909090
 .text          0x00000000080830e0      0x119 /home/minh/dpdk16.07.2/i686-native-linuxapp-gcc/lib/librte_eal.a(eal_common_lcore.o)
                0x00000000080830e0                rte_eal_cpu_init
 *fill*         0x00000000080831f9        0x7 90909090
 .text          0x0000000008083200      0x14b /home/minh/dpdk16.07.2/i686-native-linuxapp-gcc/lib/librte_eal.a(eal_common_timer.o)
                0x0000000008083200                rte_delay_us
                0x00000000080832d0                rte_get_tsc_hz
                0x00000000080832e0                set_tsc_freq
 *fill*         0x000000000808334b        0x5 90909090
 .text          0x0000000008083350      0xd84 /home/minh/dpdk16.07.2/i686-native-linuxapp-gcc/lib/librte_eal.a(eal_common_memzone.o)
                0x0000000008083b90                rte_memzone_reserve_bounded
                0x0000000008083c00                rte_memzone_reserve_aligned
                0x0000000008083c70                rte_memzone_reserve
                0x0000000008083ce0                rte_memzone_free
                0x0000000008083e20                rte_memzone_lookup
                0x0000000008083ec0                rte_memzone_dump
                0x0000000008083f90                rte_eal_memzone_init
                0x0000000008084050                rte_memzone_walk
 *fill*         0x00000000080840d4        0xc 90909090
 .text          0x00000000080840e0      0x181 /home/minh/dpdk16.07.2/i686-native-linuxapp-gcc/lib/librte_eal.a(eal_common_log.o)
                0x00000000080840e0                rte_log_add_in_history
                0x00000000080840f0                rte_openlog_stream
                0x0000000008084110                rte_set_log_level
                0x0000000008084120                rte_get_log_level
                0x0000000008084130                rte_set_log_type
                0x0000000008084160                rte_get_log_type
                0x0000000008084170                rte_log_cur_msg_loglevel
                0x0000000008084180                rte_log_cur_msg_logtype
                0x0000000008084190                rte_log_dump_history
                0x00000000080841a0                rte_vlog
                0x0000000008084220                rte_log_set_history
                0x0000000008084250                rte_eal_common_log_init
 *fill*         0x0000000008084261        0xf 90909090
 .text          0x0000000008084270      0x291 /home/minh/dpdk16.07.2/i686-native-linuxapp-gcc/lib/librte_eal.a(eal_common_launch.o)
                0x0000000008084270                rte_eal_wait_lcore
                0x00000000080842d0                rte_eal_mp_remote_launch
                0x0000000008084440                rte_eal_get_lcore_state
                0x0000000008084460                rte_eal_mp_wait_lcore
 *fill*         0x0000000008084501        0xf 90909090
 .text          0x0000000008084510      0x904 /home/minh/dpdk16.07.2/i686-native-linuxapp-gcc/lib/librte_eal.a(eal_common_pci.o)
                0x00000000080846c0                pci_get_sysfs_path
                0x00000000080846e0                pci_map_resource
                0x00000000080847a0                pci_unmap_resource
                0x0000000008084820                rte_eal_pci_probe_one
                0x0000000008084930                rte_eal_pci_detach
                0x0000000008084ad0                rte_eal_pci_probe
                0x0000000008084c00                rte_eal_pci_dump
                0x0000000008084dd0                rte_eal_pci_register
                0x0000000008084df0                rte_eal_pci_unregister
 *fill*         0x0000000008084e14        0xc 90909090
 .text          0x0000000008084e20      0x613 /home/minh/dpdk16.07.2/i686-native-linuxapp-gcc/lib/librte_eal.a(eal_common_pci_uio.o)
                0x0000000008084e20                pci_uio_map_resource
                0x0000000008085280                pci_uio_unmap_resource
 *fill*         0x0000000008085433        0xd 90909090
 .text          0x0000000008085440      0x1a7 /home/minh/dpdk16.07.2/i686-native-linuxapp-gcc/lib/librte_eal.a(eal_common_memory.o)
                0x0000000008085440                rte_eal_get_physmem_layout
                0x0000000008085460                rte_eal_get_physmem_size
                0x00000000080854a0                rte_dump_physmem_layout
                0x0000000008085540                rte_memory_get_nchannel
                0x0000000008085560                rte_memory_get_nrank
                0x0000000008085580                rte_eal_memory_init
 *fill*         0x00000000080855e7        0x9 90909090
 .text          0x00000000080855f0      0x4e6 /home/minh/dpdk16.07.2/i686-native-linuxapp-gcc/lib/librte_eal.a(eal_common_tailqs.o)
                0x00000000080855f0                rte_eal_tailq_lookup
                0x0000000008085660                rte_dump_tailq
                0x00000000080856f0                rte_eal_tailq_register
                0x00000000080858f0                rte_eal_tailqs_init
 *fill*         0x0000000008085ad6        0xa 90909090
 .text          0x0000000008085ae0       0x98 /home/minh/dpdk16.07.2/i686-native-linuxapp-gcc/lib/librte_eal.a(eal_common_errno.o)
                0x0000000008085ae0                rte_strerror
 .text          0x0000000008085b78        0x0 /home/minh/dpdk16.07.2/i686-native-linuxapp-gcc/lib/librte_eal.a(eal_common_cpuflags.o)
 *fill*         0x0000000008085b78        0x8 90909090
 .text          0x0000000008085b80       0xba /home/minh/dpdk16.07.2/i686-native-linuxapp-gcc/lib/librte_eal.a(eal_common_string_fns.o)
                0x0000000008085b80                rte_strsplit
 *fill*         0x0000000008085c3a        0x6 90909090
 .text          0x0000000008085c40      0x407 /home/minh/dpdk16.07.2/i686-native-linuxapp-gcc/lib/librte_eal.a(eal_common_hexdump.o)
                0x0000000008085c40                rte_hexdump
                0x0000000008085ed0                rte_memdump
 *fill*         0x0000000008086047        0x9 90909090
 .text          0x0000000008086050      0x4fc /home/minh/dpdk16.07.2/i686-native-linuxapp-gcc/lib/librte_eal.a(eal_common_devargs.o)
                0x0000000008086050                rte_eal_parse_devargs_str
                0x00000000080860e0                rte_eal_devargs_add
                0x00000000080863f0                rte_eal_devargs_type_count
                0x0000000008086420                rte_eal_devargs_dump
 *fill*         0x000000000808654c        0x4 90909090
 .text          0x0000000008086550      0x277 /home/minh/dpdk16.07.2/i686-native-linuxapp-gcc/lib/librte_eal.a(eal_common_dev.o)
                0x0000000008086550                rte_eal_driver_register
                0x0000000008086570                rte_eal_driver_unregister
                0x00000000080865a0                rte_eal_vdev_init
                0x0000000008086630                rte_eal_dev_init
                0x0000000008086740                rte_eal_vdev_uninit
 *fill*         0x00000000080867c7        0x9 90909090
 .text          0x00000000080867d0     0x1693 /home/minh/dpdk16.07.2/i686-native-linuxapp-gcc/lib/librte_eal.a(eal_common_options.o)
                0x0000000008086d60                eal_reset_internal_config
                0x0000000008086e60                eal_plugins_init
                0x0000000008086f40                eal_parse_common_option
                0x0000000008087c70                eal_adjust_config
                0x0000000008087d30                eal_check_common_options
                0x0000000008087e40                eal_common_usage
 *fill*         0x0000000008087e63        0xd 90909090
 .text          0x0000000008087e70      0x2a9 /home/minh/dpdk16.07.2/i686-native-linuxapp-gcc/lib/librte_eal.a(eal_common_thread.o)
                0x0000000008087e70                rte_socket_id
                0x0000000008087e80                eal_cpuset_socket_id
                0x0000000008087ef0                rte_thread_set_affinity
                0x0000000008088000                rte_thread_get_affinity
                0x0000000008088060                eal_thread_dump_affinity
 *fill*         0x0000000008088119        0x7 90909090
 .text          0x0000000008088120       0xd8 /home/minh/dpdk16.07.2/i686-native-linuxapp-gcc/lib/librte_eal.a(eal_common_proc.o)
                0x0000000008088120                rte_eal_primary_proc_alive
 *fill*         0x00000000080881f8        0x8 90909090
 .text          0x0000000008088200     0x264b /home/minh/dpdk16.07.2/i686-native-linuxapp-gcc/lib/librte_eal.a(rte_malloc.o)
                0x0000000008088200                rte_free
                0x0000000008088250                rte_malloc_socket
                0x00000000080886d0                rte_malloc
                0x0000000008088700                rte_zmalloc_socket
                0x0000000008088710                rte_zmalloc
                0x0000000008088740                rte_calloc_socket
                0x0000000008088770                rte_calloc
                0x00000000080887a0                rte_realloc
                0x0000000008089ee0                rte_malloc_validate
                0x0000000008089f40                rte_malloc_get_socket_stats
                0x0000000008089fa0                rte_malloc_dump_stats
                0x000000000808a7e0                rte_malloc_set_limit
                0x000000000808a7f0                rte_malloc_virt2phy
 *fill*         0x000000000808a84b        0x5 90909090
 .text          0x000000000808a850      0x668 /home/minh/dpdk16.07.2/i686-native-linuxapp-gcc/lib/librte_eal.a(malloc_elem.o)
                0x000000000808a850                malloc_elem_init
                0x000000000808a890                malloc_elem_mkend
                0x000000000808a8e0                malloc_elem_can_hold
                0x000000000808a950                malloc_elem_free_list_index
                0x000000000808a980                malloc_elem_free_list_insert
                0x000000000808a9e0                malloc_elem_alloc
                0x000000000808ac20                malloc_elem_free
                0x000000000808ad60                malloc_elem_resize
 *fill*         0x000000000808aeb8        0x8 90909090
 .text          0x000000000808aec0      0x3e5 /home/minh/dpdk16.07.2/i686-native-linuxapp-gcc/lib/librte_eal.a(malloc_heap.o)
                0x000000000808aec0                malloc_heap_alloc
                0x000000000808b170                malloc_heap_get_stats
                0x000000000808b200                rte_eal_malloc_heap_init
 *fill*         0x000000000808b2a5        0xb 90909090
 .text          0x000000000808b2b0      0x314 /home/minh/dpdk16.07.2/i686-native-linuxapp-gcc/lib/librte_eal.a(rte_keepalive.o)
                0x000000000808b2b0                rte_keepalive_dispatch_pings
                0x000000000808b4c0                rte_keepalive_create
                0x000000000808b540                rte_keepalive_register_relay_callback
                0x000000000808b560                rte_keepalive_register_core
                0x000000000808b590                rte_keepalive_mark_alive
                0x000000000808b5b0                rte_keepalive_mark_sleep
 *fill*         0x000000000808b5c4        0xc 90909090
 .text          0x000000000808b5d0       0xb8 /home/minh/dpdk16.07.2/i686-native-linuxapp-gcc/lib/librte_eal.a(rte_cpuflags.o)
                0x000000000808b5d0                rte_cpu_get_flag_enabled
                0x000000000808b670                rte_cpu_get_flag_name
 .text          0x000000000808b688        0x0 /home/minh/dpdk16.07.2/i686-native-linuxapp-gcc/lib/librte_eal.a(rte_spinlock.o)
 *fill*         0x000000000808b688        0x8 90909090
 .text          0x000000000808b690      0x67e /home/minh/dpdk16.07.2/i686-native-linuxapp-gcc/lib/librte_cmdline.a(cmdline.o)
                0x000000000808b6c0                cmdline_write_char
                0x000000000808b820                cmdline_set_prompt
                0x000000000808b870                cmdline_new
                0x000000000808b970                cmdline_free
                0x000000000808b9d0                cmdline_printf
                0x000000000808ba80                cmdline_in
                0x000000000808bbd0                cmdline_quit
                0x000000000808bbf0                cmdline_poll
                0x000000000808bcc0                cmdline_interact
 *fill*         0x000000000808bd0e        0x2 90909090
 .text          0x000000000808bd10      0x94f /home/minh/dpdk16.07.2/i686-native-linuxapp-gcc/lib/librte_cmdline.a(cmdline_cirbuf.o)
                0x000000000808bd10                cirbuf_init
                0x000000000808bd50                cirbuf_add_buf_head
                0x000000000808be20                cirbuf_add_buf_tail
                0x000000000808bf10                cirbuf_add_head_safe
                0x000000000808bf70                cirbuf_add_head
                0x000000000808bfc0                cirbuf_add_tail_safe
                0x000000000808c020                cirbuf_add_tail
                0x000000000808c060                cirbuf_align_left
                0x000000000808c1c0                cirbuf_align_right
                0x000000000808c330                cirbuf_del_buf_head
                0x000000000808c390                cirbuf_del_buf_tail
                0x000000000808c3e0                cirbuf_del_head_safe
                0x000000000808c420                cirbuf_del_head
                0x000000000808c440                cirbuf_del_tail_safe
                0x000000000808c490                cirbuf_del_tail
                0x000000000808c4c0                cirbuf_get_buf_head
                0x000000000808c570                cirbuf_get_buf_tail
                0x000000000808c640                cirbuf_get_head
                0x000000000808c650                cirbuf_get_tail
 *fill*         0x000000000808c65f        0x1 90909090
 .text          0x000000000808c660      0xb5f /home/minh/dpdk16.07.2/i686-native-linuxapp-gcc/lib/librte_cmdline.a(cmdline_parse.o)
                0x000000000808c800                cmdline_isendoftoken
                0x000000000808c850                cmdline_isendofcommand
                0x000000000808c880                cmdline_parse
                0x000000000808cad0                cmdline_complete
 *fill*         0x000000000808d1bf        0x1 90909090
 .text          0x000000000808d1c0      0x445 /home/minh/dpdk16.07.2/i686-native-linuxapp-gcc/lib/librte_cmdline.a(cmdline_parse_etheraddr.o)
                0x000000000808d1c0                cmdline_get_help_etheraddr
                0x000000000808d1f0                cmdline_parse_etheraddr
 *fill*         0x000000000808d605        0xb 90909090
 .text          0x000000000808d610      0x6df /home/minh/dpdk16.07.2/i686-native-linuxapp-gcc/lib/librte_cmdline.a(cmdline_parse_ipaddr.o)
                0x000000000808d610                cmdline_get_help_ipaddr
                0x000000000808da80                cmdline_parse_ipaddr
 *fill*         0x000000000808dcef        0x1 90909090
 .text          0x000000000808dcf0      0x947 /home/minh/dpdk16.07.2/i686-native-linuxapp-gcc/lib/librte_cmdline.a(cmdline_parse_num.o)
                0x000000000808dcf0                cmdline_get_help_num
                0x000000000808dd50                cmdline_parse_num
 *fill*         0x000000000808e637        0x9 90909090
 .text          0x000000000808e640      0x3c5 /home/minh/dpdk16.07.2/i686-native-linuxapp-gcc/lib/librte_cmdline.a(cmdline_parse_string.o)
                0x000000000808e640                cmdline_get_help_string
                0x000000000808e6f0                cmdline_complete_get_elt_string
                0x000000000808e7c0                cmdline_complete_get_nb_string
                0x000000000808e820                cmdline_parse_string
 *fill*         0x000000000808ea05        0xb 90909090
 .text          0x000000000808ea10     0x1346 /home/minh/dpdk16.07.2/i686-native-linuxapp-gcc/lib/librte_cmdline.a(cmdline_rdline.o)
                0x000000000808ebb0                rdline_init
                0x000000000808ec70                rdline_newline
                0x000000000808ed60                rdline_stop
                0x000000000808ed70                rdline_quit
                0x000000000808ed80                rdline_restart
                0x000000000808ed90                rdline_reset
                0x000000000808ee10                rdline_get_buffer
                0x000000000808ee90                rdline_redisplay
                0x000000000808ef50                rdline_get_history_item
                0x000000000808f070                rdline_add_history
                0x000000000808f170                rdline_char_in
                0x000000000808fd20                rdline_clear_history
 *fill*         0x000000000808fd56        0xa 90909090
 .text          0x000000000808fd60      0x163 /home/minh/dpdk16.07.2/i686-native-linuxapp-gcc/lib/librte_cmdline.a(cmdline_vt100.o)
                0x000000000808fd60                vt100_init
                0x000000000808fd80                vt100_parser
 *fill*         0x000000000808fec3        0xd 90909090
 .text          0x000000000808fed0      0x268 /home/minh/dpdk16.07.2/i686-native-linuxapp-gcc/lib/librte_cmdline.a(cmdline_socket.o)
                0x000000000808fed0                cmdline_file_new
                0x000000000808ff30                cmdline_stdin_new
                0x0000000008090100                cmdline_stdin_exit
 *fill*         0x0000000008090138        0x8 90909090
 .text          0x0000000008090140      0x2b5 /home/minh/dpdk16.07.2/i686-native-linuxapp-gcc/lib/librte_cmdline.a(cmdline_parse_portlist.o)
                0x0000000008090140                cmdline_get_help_portlist
                0x0000000008090170                cmdline_parse_portlist
 *fill*         0x00000000080903f5        0xb 90909090
 .text          0x0000000008090400      0xb92 /home/minh/dpdk16.07.2/i686-native-linuxapp-gcc/lib/librte_cfgfile.a(rte_cfgfile.o)
                0x0000000008090510                rte_cfgfile_load
                0x0000000008090a00                rte_cfgfile_close
                0x0000000008090a80                rte_cfgfile_num_sections
                0x0000000008090ae0                rte_cfgfile_sections
                0x0000000008090b50                rte_cfgfile_has_section
                0x0000000008090bb0                rte_cfgfile_section_num_entries
                0x0000000008090c20                rte_cfgfile_section_entries
                0x0000000008090d40                rte_cfgfile_section_entries_by_index
                0x0000000008090e40                rte_cfgfile_get_entry
                0x0000000008090ef0                rte_cfgfile_has_entry
 *fill*         0x0000000008090f92        0xe 90909090
 .text          0x0000000008090fa0     0x19af /home/minh/dpdk16.07.2/i686-native-linuxapp-gcc/lib/librte_pmd_af_packet.a(rte_eth_af_packet.o)
 *fill*         0x000000000809294f        0x1 90909090
 .text          0x0000000008092950     0x601a /home/minh/dpdk16.07.2/i686-native-linuxapp-gcc/lib/librte_pmd_ixgbe.a(ixgbe_common.o)
                0x0000000008092950                ixgbe_get_mac_addr_generic
                0x0000000008092990                ixgbe_led_on_generic
                0x00000000080929d0                ixgbe_led_off_generic
                0x0000000008092a00                ixgbe_calc_eeprom_checksum_generic
                0x0000000008092b70                ixgbe_validate_eeprom_checksum_generic
                0x0000000008092c10                ixgbe_update_eeprom_checksum_generic
                0x0000000008092c70                ixgbe_set_rar_generic
                0x0000000008092d60                ixgbe_clear_rar_generic
                0x0000000008092de0                ixgbe_disable_mc_generic
                0x0000000008092e00                ixgbe_fc_enable_generic
                0x00000000080933d0                prot_autoc_read_generic
                0x00000000080933f0                prot_autoc_write_generic
                0x0000000008093410                ixgbe_blink_led_stop_generic
                0x00000000080934b0                ixgbe_disable_rx_generic
                0x0000000008093510                ixgbe_blink_led_start_generic
                0x00000000080936d0                ixgbe_release_swfw_sync
                0x00000000080939d0                ixgbe_enable_rx_dma_generic
                0x0000000008093a00                ixgbe_clear_hw_cntrs_generic
                0x0000000008094290                ixgbe_start_hw_generic
                0x00000000080942e0                ixgbe_init_hw_generic
                0x0000000008094310                ixgbe_set_lan_id_multi_port_pcie
                0x0000000008094390                ixgbe_init_eeprom_params_generic
                0x0000000008094420                ixgbe_enable_mc_generic
                0x0000000008094450                ixgbe_enable_rx_generic
                0x00000000080944a0                ixgbe_get_bus_info_generic
                0x00000000080944e0                ixgbe_update_uc_addr_list_generic
                0x0000000008094650                ixgbe_init_rx_addrs_generic
                0x00000000080947e0                ixgbe_read_eerd_buffer_generic
                0x00000000080948b0                ixgbe_read_eerd_generic
                0x0000000008094980                ixgbe_stop_adapter_generic
                0x0000000008094e50                ixgbe_acquire_swfw_sync
                0x0000000008094f30                ixgbe_setup_fc_generic
                0x0000000008095200                ixgbe_read_eeprom_buffer_bit_bang_generic
                0x0000000008095320                ixgbe_write_eeprom_buffer_bit_bang_generic
                0x0000000008095630                ixgbe_write_eeprom_generic
                0x0000000008095710                ixgbe_read_eeprom_bit_bang_generic
                0x00000000080957f0                ixgbe_init_ops_generic
                0x0000000008095a00                ixgbe_device_supports_autoneg_fc
                0x0000000008095ac0                ixgbe_start_hw_gen2
                0x0000000008095bb0                ixgbe_read_pba_string_generic
                0x0000000008095f40                ixgbe_read_pba_num_generic
                0x0000000008095fd0                ixgbe_write_pba_raw
                0x00000000080960e0                ixgbe_get_pba_block_size
                0x00000000080961d0                ixgbe_read_pba_raw
                0x0000000008096350                ixgbe_set_pci_config_data_generic
                0x0000000008096440                ixgbe_write_eewr_buffer_generic
                0x0000000008096530                ixgbe_write_eewr_generic
                0x00000000080965e0                ixgbe_poll_eerd_eewr_done
                0x0000000008096650                ixgbe_validate_mac_addr
                0x00000000080966b0                ixgbe_add_uc_addr
                0x0000000008096710                ixgbe_set_mta
                0x00000000080967e0                ixgbe_update_mc_addr_list_generic
                0x0000000008096900                ixgbe_negotiate_fc
                0x00000000080969d0                ixgbe_fc_autoneg
                0x0000000008096c10                ixgbe_disable_pcie_master
                0x0000000008096c80                ixgbe_disable_sec_rx_path_generic
                0x0000000008096cd0                ixgbe_enable_sec_rx_path_generic
                0x0000000008096cf0                ixgbe_get_san_mac_addr_generic
                0x0000000008096e20                ixgbe_set_san_mac_addr_generic
                0x0000000008096f30                ixgbe_get_pcie_msix_count_generic
                0x0000000008096f40                ixgbe_insert_mac_addr_generic
                0x00000000080970f0                ixgbe_clear_vmdq_generic
                0x00000000080971d0                ixgbe_set_vmdq_generic
                0x0000000008097230                ixgbe_set_vmdq_san_mac_generic
                0x00000000080972b0                ixgbe_init_uta_tables_generic
                0x00000000080972e0                ixgbe_find_vlvf_slot
                0x0000000008097350                ixgbe_set_vlvf_generic
                0x00000000080974f0                ixgbe_set_vfta_generic
                0x00000000080975b0                ixgbe_clear_vfta_generic
                0x0000000008097620                ixgbe_check_mac_link_generic
                0x0000000008097760                ixgbe_get_wwn_prefix_generic
                0x0000000008097830                ixgbe_get_fcoe_boot_status_generic
                0x00000000080978e0                ixgbe_set_mac_anti_spoofing
                0x0000000008097940                ixgbe_set_vlan_anti_spoofing
                0x00000000080979a0                ixgbe_get_device_caps_generic
                0x00000000080979d0                ixgbe_enable_relaxed_ordering_gen2
                0x0000000008097a90                ixgbe_calculate_checksum
                0x0000000008097b60                ixgbe_hic_unlocked
                0x0000000008097c50                ixgbe_host_interface_command
                0x0000000008097d40                ixgbe_set_fw_drv_ver_generic
                0x0000000008097ef0                ixgbe_set_rxpba_generic
                0x0000000008098080                ixgbe_clear_tx_pending
                0x0000000008098110                ixgbe_get_thermal_sensor_data_generic
                0x0000000008098270                ixgbe_init_thermal_sensor_thresh_generic
                0x0000000008098410                ixgbe_dcb_get_rtrup2tc_generic
                0x0000000008098480                ixgbe_mng_present
                0x00000000080984b0                ixgbe_mng_enabled
                0x0000000008098520                ixgbe_setup_mac_link_multispeed_fiber
                0x0000000008098870                ixgbe_set_soft_rate_select_speed
 *fill*         0x000000000809896a        0x6 90909090
 .text          0x0000000008098970     0x185a /home/minh/dpdk16.07.2/i686-native-linuxapp-gcc/lib/librte_pmd_ixgbe.a(ixgbe_82598.o)
                0x0000000008098a50                ixgbe_set_vmdq_82598
                0x0000000008098b20                ixgbe_set_vfta_82598
                0x0000000008098c50                ixgbe_get_supported_physical_layer_82598
                0x0000000008098e10                ixgbe_enable_relaxed_ordering_82598
                0x0000000008098e80                ixgbe_enable_rx_dma_82598
                0x0000000008098ea0                ixgbe_set_lan_id_multi_port_pcie_82598
                0x0000000008099070                ixgbe_read_i2c_eeprom_82598
                0x00000000080990b0                ixgbe_write_analog_reg8_82598
                0x00000000080990f0                ixgbe_read_analog_reg8_82598
                0x0000000008099690                ixgbe_fc_enable_82598
                0x0000000008099e30                ixgbe_init_phy_ops_82598
                0x0000000008099f00                ixgbe_start_hw_82598
                0x000000000809a050                ixgbe_set_pcie_completion_timeout
                0x000000000809a080                ixgbe_init_ops_82598
 *fill*         0x000000000809a1ca        0x6 90909090
 .text          0x000000000809a1d0     0x3874 /home/minh/dpdk16.07.2/i686-native-linuxapp-gcc/lib/librte_pmd_ixgbe.a(ixgbe_82599.o)
                0x000000000809a1d0                ixgbe_set_hard_rate_select_speed
                0x000000000809a210                ixgbe_write_analog_reg8_82599
                0x000000000809a250                ixgbe_read_analog_reg8_82599
                0x000000000809a290                ixgbe_enable_tx_laser_multispeed_fiber
                0x000000000809a2b0                ixgbe_enable_rx_dma_82599
                0x000000000809a2f0                ixgbe_get_supported_physical_layer_82599
                0x000000000809a470                ixgbe_identify_phy_82599
                0x000000000809a4e0                ixgbe_reset_hw_82599
                0x000000000809a8b0                ixgbe_setup_mac_link_82599
                0x000000000809aaf0                ixgbe_setup_mac_link_smartspeed
                0x000000000809b0b0                ixgbe_disable_tx_laser_multispeed_fiber
                0x000000000809b1c0                ixgbe_get_link_capabilities_82599
                0x000000000809b3b0                ixgbe_get_media_type_82599
                0x000000000809b4a0                ixgbe_start_hw_82599
                0x000000000809b6f0                ixgbe_flap_tx_laser_multispeed_fiber
                0x000000000809b790                ixgbe_stop_mac_link_on_d3_82599
                0x000000000809b800                ixgbe_reinit_fdir_tables_82599
                0x000000000809bac0                ixgbe_init_fdir_signature_82599
                0x000000000809bc00                ixgbe_init_fdir_perfect_82599
                0x000000000809bd50                ixgbe_set_fdir_drop_queue_82599
                0x000000000809bee0                ixgbe_atr_compute_sig_hash_82599
                0x000000000809bfb0                ixgbe_fdir_add_signature_filter_82599
                0x000000000809c040                ixgbe_atr_compute_perfect_hash_82599
                0x000000000809c180                ixgbe_fdir_set_input_mask_82599
                0x000000000809c520                ixgbe_fdir_write_perfect_filter_82599
                0x000000000809c920                ixgbe_fdir_erase_perfect_filter_82599
                0x000000000809ca90                ixgbe_fdir_add_perfect_filter_82599
                0x000000000809cb90                ixgbe_verify_lesm_fw_enabled_82599
                0x000000000809cc40                prot_autoc_read_82599
                0x000000000809ccb0                ixgbe_init_mac_link_ops_82599
                0x000000000809cd80                ixgbe_start_mac_link_82599
                0x000000000809d010                prot_autoc_write_82599
                0x000000000809d230                ixgbe_init_ops_82599
                0x000000000809d4f0                ixgbe_setup_sfp_modules_82599
                0x000000000809d710                ixgbe_init_phy_ops_82599
                0x000000000809d8c0                ixgbe_reset_pipeline_82599
 *fill*         0x000000000809da44        0xc 90909090
 .text          0x000000000809da50     0x10ab /home/minh/dpdk16.07.2/i686-native-linuxapp-gcc/lib/librte_pmd_ixgbe.a(ixgbe_x540.o)
                0x000000000809da50                ixgbe_get_media_type_X540
                0x000000000809da60                ixgbe_setup_mac_link_X540
                0x000000000809da70                ixgbe_get_supported_physical_layer_X540
                0x000000000809dad0                ixgbe_blink_led_start_X540
                0x000000000809db50                ixgbe_blink_led_stop_X540
                0x000000000809dbb0                ixgbe_write_eewr_X540
                0x000000000809dc30                ixgbe_validate_eeprom_checksum_X540
                0x000000000809dcf0                ixgbe_calc_eeprom_checksum_X540
                0x000000000809dea0                ixgbe_read_eerd_X540
                0x000000000809df10                ixgbe_write_eewr_buffer_X540
                0x000000000809df90                ixgbe_read_eerd_buffer_X540
                0x000000000809e010                ixgbe_start_hw_X540
                0x000000000809e040                ixgbe_reset_hw_X540
                0x000000000809e260                ixgbe_init_eeprom_params_X540
                0x000000000809e2e0                ixgbe_release_swfw_sync_X540
                0x000000000809e3c0                ixgbe_init_swfw_sync_X540
                0x000000000809e480                ixgbe_acquire_swfw_sync_X540
                0x000000000809e6d0                ixgbe_init_ops_X540
                0x000000000809e910                ixgbe_get_link_capabilities_X540
                0x000000000809e940                ixgbe_update_flash_X540
                0x000000000809ea60                ixgbe_update_eeprom_checksum_X540
 *fill*         0x000000000809eafb        0x5 90909090
 .text          0x000000000809eb00     0x5a0b /home/minh/dpdk16.07.2/i686-native-linuxapp-gcc/lib/librte_pmd_ixgbe.a(ixgbe_x550.o)
                0x000000000809eb20                ixgbe_dmac_config_tcs_X550
                0x000000000809ed60                ixgbe_dmac_update_tcs_X550
                0x000000000809eda0                ixgbe_setup_eee_X550
                0x000000000809f030                ixgbe_set_ethertype_anti_spoofing_X550
                0x000000000809f080                ixgbe_disable_mdd_X550
                0x000000000809f0b0                ixgbe_enable_mdd_X550
                0x000000000809f0e0                ixgbe_restore_mdd_vf_X550
                0x000000000809f130                ixgbe_mdd_event_X550
                0x000000000809f1f0                ixgbe_get_media_type_X550em
                0x000000000809f450                ixgbe_get_bus_info_X550em
                0x000000000809f480                ixgbe_setup_fc_X550em
                0x000000000809f610                ixgbe_setup_fc_x550a
                0x000000000809f7b0                ixgbe_read_phy_reg_x550a
                0x000000000809f830                ixgbe_led_off_t_X550em
                0x000000000809f8a0                ixgbe_led_on_t_X550em
                0x000000000809fa80                ixgbe_reset_phy_t_X550em
                0x000000000809fc20                ixgbe_handle_lasi_ext_t_x550em
                0x000000000809fc60                ixgbe_write_phy_reg_x550a
                0x000000000809fce0                ixgbe_release_swfw_sync_X550em
                0x000000000809fd20                ixgbe_fc_autoneg_x550a
                0x000000000809fe80                ixgbe_get_supported_physical_layer_X550em
                0x000000000809ff30                ixgbe_read_ee_hostif_buffer_X550
                0x00000000080a0090                ixgbe_read_ee_hostif_X550
                0x00000000080a0130                ixgbe_validate_eeprom_checksum_X550
                0x00000000080a03e0                ixgbe_dmac_config_X550
                0x00000000080a0470                ixgbe_init_eeprom_params_X550
                0x00000000080a04c0                ixgbe_set_source_address_pruning_X550
                0x00000000080a0530                ixgbe_get_link_capabilities_X550em
                0x00000000080a05c0                ixgbe_setup_kr_x550em
                0x00000000080a05e0                ixgbe_check_link_t_X550em
                0x00000000080a06a0                ixgbe_acquire_swfw_sync_X550em
                0x00000000080a06f0                ixgbe_disable_rx_x550
                0x00000000080a07a0                ixgbe_identify_sfp_module_X550em
                0x00000000080a09d0                ixgbe_calc_eeprom_checksum_X550
                0x00000000080a0bc0                ixgbe_write_ee_hostif_buffer_X550
                0x00000000080a0c90                ixgbe_write_ee_hostif_X550
                0x00000000080a0d40                ixgbe_init_phy_ops_X550em
                0x00000000080a0fd0                ixgbe_setup_sfp_modules_X550em
                0x00000000080a1180                ixgbe_update_eeprom_checksum_X550
                0x00000000080a1220                ixgbe_enter_lplu_t_x550em
                0x00000000080a1500                ixgbe_write_iosf_sb_reg_x550
                0x00000000080a1740                ixgbe_read_iosf_sb_reg_x550
                0x00000000080a1c00                ixgbe_setup_mac_link_t_X550em
                0x00000000080a1c60                ixgbe_setup_internal_phy_t_x550em
                0x00000000080a1dc0                ixgbe_setup_mac_link_sfp_x550a
                0x00000000080a1fb0                ixgbe_setup_mac_link_sfp_x550em
                0x00000000080a2160                ixgbe_reset_hw_X550em
                0x00000000080a3720                ixgbe_init_ops_X550
                0x00000000080a3840                ixgbe_init_ops_X550EM
                0x00000000080a3b90                ixgbe_get_phy_token
                0x00000000080a3c10                ixgbe_put_phy_token
                0x00000000080a3c90                ixgbe_write_iosf_sb_reg_x550a
                0x00000000080a3d10                ixgbe_read_iosf_sb_reg_x550a
                0x00000000080a3da0                ixgbe_init_mac_link_ops_X550em
                0x00000000080a3e70                ixgbe_init_ext_t_x550em
                0x00000000080a3f20                ixgbe_setup_phy_loopback_x550em
                0x00000000080a4110                ixgbe_write_ee_hostif_data_X550
                0x00000000080a4180                ixgbe_calc_checksum_X550
                0x00000000080a4420                ixgbe_update_flash_X550
                0x00000000080a4470                ixgbe_get_lcd_t_x550em
 *fill*         0x00000000080a450b        0x5 90909090
 .text          0x00000000080a4510     0x4a4d /home/minh/dpdk16.07.2/i686-native-linuxapp-gcc/lib/librte_pmd_ixgbe.a(ixgbe_phy.o)
                0x00000000080a4510                ixgbe_read_phy_reg_generic
                0x00000000080a4620                ixgbe_get_phy_firmware_version_generic
                0x00000000080a4650                ixgbe_read_i2c_eeprom_generic
                0x00000000080a46b0                ixgbe_write_i2c_eeprom_generic
                0x00000000080a46e0                ixgbe_tn_check_overtemp
                0x00000000080a4740                ixgbe_write_phy_reg_mdi
                0x00000000080a4800                ixgbe_write_phy_reg_generic
                0x00000000080a4880                ixgbe_read_phy_reg_mdi
                0x00000000080a4950                ixgbe_setup_phy_link_speed_generic
                0x00000000080a4dc0                ixgbe_setup_phy_link_generic
                0x00000000080a5150                ixgbe_i2c_bus_clear
                0x00000000080a59a0                ixgbe_identify_phy_generic
                0x00000000080a5be0                ixgbe_reset_phy_generic
                0x00000000080a60e0                ixgbe_write_i2c_byte_generic_unlocked
                0x00000000080a6110                ixgbe_write_i2c_byte_generic
                0x00000000080a6750                ixgbe_read_i2c_byte_generic_unlocked
                0x00000000080a6780                ixgbe_read_i2c_byte_generic
                0x00000000080a67b0                ixgbe_read_i2c_combined_generic_int
                0x00000000080a7250                ixgbe_write_i2c_combined_generic_int
                0x00000000080a78e0                ixgbe_init_phy_ops_generic
                0x00000000080a79c0                ixgbe_check_reset_blocked
                0x00000000080a79e0                ixgbe_validate_phy_addr
                0x00000000080a7a30                ixgbe_get_phy_id
                0x00000000080a7ac0                ixgbe_get_phy_type_from_id
                0x00000000080a7b40                ixgbe_get_copper_link_capabilities_generic
                0x00000000080a7b80                ixgbe_check_phy_link_tnx
                0x00000000080a7e20                ixgbe_setup_phy_link_tnx
                0x00000000080a8020                ixgbe_get_phy_firmware_version_tnx
                0x00000000080a8050                ixgbe_identify_sfp_module_generic
                0x00000000080a8550                ixgbe_get_supported_phy_sfp_layer_generic
                0x00000000080a8660                ixgbe_identify_qsfp_module_generic
                0x00000000080a8a40                ixgbe_identify_module_generic
                0x00000000080a8a90                ixgbe_get_sfp_init_sequence_offsets
                0x00000000080a8c50                ixgbe_reset_phy_nl
                0x00000000080a8eb0                ixgbe_set_copper_phy_power
 *fill*         0x00000000080a8f5d        0x3 90909090
 .text          0x00000000080a8f60     0x1612 /home/minh/dpdk16.07.2/i686-native-linuxapp-gcc/lib/librte_pmd_ixgbe.a(ixgbe_api.o)
                0x00000000080a8f60                ixgbe_dcb_get_rtrup2tc
                0x00000000080a8f80                ixgbe_set_mac_type
                0x00000000080a92c0                ixgbe_init_shared_code
                0x00000000080a9360                ixgbe_init_hw
                0x00000000080a9380                ixgbe_reset_hw
                0x00000000080a93a0                ixgbe_start_hw
                0x00000000080a93c0                ixgbe_enable_relaxed_ordering
                0x00000000080a93e0                ixgbe_clear_hw_cntrs
                0x00000000080a9400                ixgbe_get_media_type
                0x00000000080a9420                ixgbe_get_mac_addr
                0x00000000080a9440                ixgbe_get_san_mac_addr
                0x00000000080a9460                ixgbe_set_san_mac_addr
                0x00000000080a9480                ixgbe_get_device_caps
                0x00000000080a94a0                ixgbe_get_wwn_prefix
                0x00000000080a94c0                ixgbe_get_fcoe_boot_status
                0x00000000080a94e0                ixgbe_get_bus_info
                0x00000000080a9500                ixgbe_get_num_of_tx_queues
                0x00000000080a9510                ixgbe_get_num_of_rx_queues
                0x00000000080a9520                ixgbe_stop_adapter
                0x00000000080a9540                ixgbe_read_pba_string
                0x00000000080a9550                ixgbe_read_pba_num
                0x00000000080a9560                ixgbe_identify_phy
                0x00000000080a9590                ixgbe_reset_phy
                0x00000000080a95f0                ixgbe_get_phy_firmware_version
                0x00000000080a9610                ixgbe_read_phy_reg
                0x00000000080a96b0                ixgbe_write_phy_reg
                0x00000000080a9750                ixgbe_setup_phy_link
                0x00000000080a9770                ixgbe_setup_internal_phy
                0x00000000080a9790                ixgbe_check_phy_link
                0x00000000080a97b0                ixgbe_setup_phy_link_speed
                0x00000000080a97d0                ixgbe_set_phy_power
                0x00000000080a97f0                ixgbe_check_link
                0x00000000080a9830                ixgbe_disable_tx_laser
                0x00000000080a9850                ixgbe_enable_tx_laser
                0x00000000080a9870                ixgbe_flap_tx_laser
                0x00000000080a9890                ixgbe_setup_link
                0x00000000080a98b0                ixgbe_setup_mac_link
                0x00000000080a98d0                ixgbe_get_link_capabilities
                0x00000000080a98f0                ixgbe_led_on
                0x00000000080a9910                ixgbe_led_off
                0x00000000080a9930                ixgbe_blink_led_start
                0x00000000080a9950                ixgbe_blink_led_stop
                0x00000000080a9970                ixgbe_init_eeprom_params
                0x00000000080a9990                ixgbe_write_eeprom
                0x00000000080a99d0                ixgbe_write_eeprom_buffer
                0x00000000080a9a20                ixgbe_read_eeprom
                0x00000000080a9a50                ixgbe_read_eeprom_buffer